
  [30;43;1m WARN [39;49;22m Metadata found in doc-comment for method Tests\Feature\Master\BarangB3ControllerTest::user_can_view_barang_b3_index(). Metadata in doc-comments is deprecated and will no longer be supported in PHPUnit 12. Update your test code to use attributes instead.

  [30;43;1m WARN [39;49;22m Metadata found in doc-comment for method Tests\Feature\Master\BarangB3ControllerTest::user_can_create_barang_b3(). Metadata in doc-comments is deprecated and will no longer be supported in PHPUnit 12. Update your test code to use attributes instead.

  [30;43;1m WARN [39;49;22m Metadata found in doc-comment for method Tests\Feature\Master\BarangB3ControllerTest::user_can_update_barang_b3(). Metadata in doc-comments is deprecated and will no longer be supported in PHPUnit 12. Update your test code to use attributes instead.

  [30;43;1m WARN [39;49;22m Metadata found in doc-comment for method Tests\Feature\Master\BarangB3ControllerTest::user_can_delete_barang_b3(). Metadata in doc-comments is deprecated and will no longer be supported in PHPUnit 12. Update your test code to use attributes instead.

  [30;43;1m WARN [39;49;22m Metadata found in doc-comment for method Tests\Feature\Master\BarangB3ControllerTest::validation_fails_when_required_fields_are_missing(). Metadata in doc-comments is deprecated and will no longer be supported in PHPUnit 12. Update your test code to use attributes instead.

  [30;43;1m WARN [39;49;22m Metadata found in doc-comment for method Tests\Feature\Master\BarangB3ControllerTest::validation_fails_when_fields_exceed_max_length(). Metadata in doc-comments is deprecated and will no longer be supported in PHPUnit 12. Update your test code to use attributes instead.

  [30;43;1m WARN [39;49;22m Metadata found in doc-comment for method Tests\Feature\Master\BarangB3ControllerTest::it_can_filter_and_search_barang_b3_for_ajax_datatable(). Metadata in doc-comments is deprecated and will no longer be supported in PHPUnit 12. Update your test code to use attributes instead.

  [30;43;1m WARN [39;49;22m Metadata found in doc-comment for method Tests\Feature\Master\JenisKapalControllerTest::user_can_view_jenis_kapal_index(). Metadata in doc-comments is deprecated and will no longer be supported in PHPUnit 12. Update your test code to use attributes instead.

  [30;43;1m WARN [39;49;22m Metadata found in doc-comment for method Tests\Feature\Master\JenisKapalControllerTest::user_can_create_jenis_kapal_with_active_status(). Metadata in doc-comments is deprecated and will no longer be supported in PHPUnit 12. Update your test code to use attributes instead.

  [30;43;1m WARN [39;49;22m Metadata found in doc-comment for method Tests\Feature\Master\JenisKapalControllerTest::user_can_create_jenis_kapal_with_inactive_status_when_checkbox_not_checked(). Metadata in doc-comments is deprecated and will no longer be supported in PHPUnit 12. Update your test code to use attributes instead.

  [30;43;1m WARN [39;49;22m Metadata found in doc-comment for method Tests\Feature\Master\JenisKapalControllerTest::user_can_update_jenis_kapal(). Metadata in doc-comments is deprecated and will no longer be supported in PHPUnit 12. Update your test code to use attributes instead.

  [30;43;1m WARN [39;49;22m Metadata found in doc-comment for method Tests\Feature\Master\JenisKapalControllerTest::checkbox_unchecked_updates_is_active_to_false(). Metadata in doc-comments is deprecated and will no longer be supported in PHPUnit 12. Update your test code to use attributes instead.

  [30;43;1m WARN [39;49;22m Metadata found in doc-comment for method Tests\Feature\Master\JenisKapalControllerTest::user_cannot_delete_jenis_kapal_with_existing_kapals(). Metadata in doc-comments is deprecated and will no longer be supported in PHPUnit 12. Update your test code to use attributes instead.

  [30;43;1m WARN [39;49;22m Metadata found in doc-comment for method Tests\Feature\Master\JenisKapalControllerTest::user_can_delete_jenis_kapal_without_kapals(). Metadata in doc-comments is deprecated and will no longer be supported in PHPUnit 12. Update your test code to use attributes instead.

  [30;43;1m WARN [39;49;22m Metadata found in doc-comment for method Tests\Feature\Master\JenisKapalControllerTest::kode_is_auto_generated_from_nama(). Metadata in doc-comments is deprecated and will no longer be supported in PHPUnit 12. Update your test code to use attributes instead.

  [30;43;1m WARN [39;49;22m Metadata found in doc-comment for method Tests\Feature\Master\JenisKapalControllerTest::it_can_filter_and_search_jenis_kapal_for_ajax_datatable(). Metadata in doc-comments is deprecated and will no longer be supported in PHPUnit 12. Update your test code to use attributes instead.

  [30;43;1m WARN [39;49;22m Metadata found in doc-comment for method Tests\Feature\Master\KapalControllerTest::user_can_view_kapal_index(). Metadata in doc-comments is deprecated and will no longer be supported in PHPUnit 12. Update your test code to use attributes instead.

  [30;43;1m WARN [39;49;22m Metadata found in doc-comment for method Tests\Feature\Master\KapalControllerTest::user_can_create_kapal_with_all_fields(). Metadata in doc-comments is deprecated and will no longer be supported in PHPUnit 12. Update your test code to use attributes instead.

  [30;43;1m WARN [39;49;22m Metadata found in doc-comment for method Tests\Feature\Master\KapalControllerTest::user_can_create_kapal_with_minimal_fields(). Metadata in doc-comments is deprecated and will no longer be supported in PHPUnit 12. Update your test code to use attributes instead.

  [30;43;1m WARN [39;49;22m Metadata found in doc-comment for method Tests\Feature\Master\KapalControllerTest::empty_numeric_fields_are_stored_as_null(). Metadata in doc-comments is deprecated and will no longer be supported in PHPUnit 12. Update your test code to use attributes instead.

  [30;43;1m WARN [39;49;22m Metadata found in doc-comment for method Tests\Feature\Master\KapalControllerTest::user_can_update_kapal(). Metadata in doc-comments is deprecated and will no longer be supported in PHPUnit 12. Update your test code to use attributes instead.

  [30;43;1m WARN [39;49;22m Metadata found in doc-comment for method Tests\Feature\Master\KapalControllerTest::checkbox_unchecked_updates_is_active_to_false(). Metadata in doc-comments is deprecated and will no longer be supported in PHPUnit 12. Update your test code to use attributes instead.

  [30;43;1m WARN [39;49;22m Metadata found in doc-comment for method Tests\Feature\Master\KapalControllerTest::user_can_delete_kapal(). Metadata in doc-comments is deprecated and will no longer be supported in PHPUnit 12. Update your test code to use attributes instead.

  [30;43;1m WARN [39;49;22m Metadata found in doc-comment for method Tests\Feature\Master\KapalControllerTest::validation_fails_when_nama_is_missing(). Metadata in doc-comments is deprecated and will no longer be supported in PHPUnit 12. Update your test code to use attributes instead.

  [30;43;1m WARN [39;49;22m Metadata found in doc-comment for method Tests\Feature\Master\KapalControllerTest::validation_fails_for_invalid_numeric_fields(). Metadata in doc-comments is deprecated and will no longer be supported in PHPUnit 12. Update your test code to use attributes instead.

  [30;43;1m WARN [39;49;22m Metadata found in doc-comment for method Tests\Feature\Master\KapalControllerTest::it_can_filter_and_search_kapal_for_ajax_datatable(). Metadata in doc-comments is deprecated and will no longer be supported in PHPUnit 12. Update your test code to use attributes instead.

  [30;43;1m WARN [39;49;22m Metadata found in doc-comment for method Tests\Feature\Master\NakhodaControllerTest::user_can_view_nakhoda_index(). Metadata in doc-comments is deprecated and will no longer be supported in PHPUnit 12. Update your test code to use attributes instead.

  [30;43;1m WARN [39;49;22m Metadata found in doc-comment for method Tests\Feature\Master\NakhodaControllerTest::user_can_create_nakhoda(). Metadata in doc-comments is deprecated and will no longer be supported in PHPUnit 12. Update your test code to use attributes instead.

  [30;43;1m WARN [39;49;22m Metadata found in doc-comment for method Tests\Feature\Master\NakhodaControllerTest::user_can_create_nakhoda_with_inactive_status(). Metadata in doc-comments is deprecated and will no longer be supported in PHPUnit 12. Update your test code to use attributes instead.

  [30;43;1m WARN [39;49;22m Metadata found in doc-comment for method Tests\Feature\Master\NakhodaControllerTest::user_can_update_nakhoda(). Metadata in doc-comments is deprecated and will no longer be supported in PHPUnit 12. Update your test code to use attributes instead.

  [30;43;1m WARN [39;49;22m Metadata found in doc-comment for method Tests\Feature\Master\NakhodaControllerTest::checkbox_unchecked_updates_is_active_to_false(). Metadata in doc-comments is deprecated and will no longer be supported in PHPUnit 12. Update your test code to use attributes instead.

  [30;43;1m WARN [39;49;22m Metadata found in doc-comment for method Tests\Feature\Master\NakhodaControllerTest::user_can_delete_nakhoda(). Metadata in doc-comments is deprecated and will no longer be supported in PHPUnit 12. Update your test code to use attributes instead.

  [30;43;1m WARN [39;49;22m Metadata found in doc-comment for method Tests\Feature\Master\NakhodaControllerTest::validation_fails_when_required_fields_are_missing(). Metadata in doc-comments is deprecated and will no longer be supported in PHPUnit 12. Update your test code to use attributes instead.

  [30;43;1m WARN [39;49;22m Metadata found in doc-comment for method Tests\Feature\Master\NakhodaControllerTest::validation_fails_for_non_existent_kapal(). Metadata in doc-comments is deprecated and will no longer be supported in PHPUnit 12. Update your test code to use attributes instead.

  [30;43;1m WARN [39;49;22m Metadata found in doc-comment for method Tests\Feature\Master\NakhodaControllerTest::it_can_filter_and_search_nakhoda_for_ajax_datatable(). Metadata in doc-comments is deprecated and will no longer be supported in PHPUnit 12. Update your test code to use attributes instead.

  [30;43;1m WARN [39;49;22m Metadata found in doc-comment for method Tests\Feature\Master\PelabuhanControllerTest::it_can_display_pelabuhan_index(). Metadata in doc-comments is deprecated and will no longer be supported in PHPUnit 12. Update your test code to use attributes instead.

  [30;43;1m WARN [39;49;22m Metadata found in doc-comment for method Tests\Feature\Master\PelabuhanControllerTest::it_paginates_pelabuhan_with_default_per_page(). Metadata in doc-comments is deprecated and will no longer be supported in PHPUnit 12. Update your test code to use attributes instead.

  [30;43;1m WARN [39;49;22m Metadata found in doc-comment for method Tests\Feature\Master\PelabuhanControllerTest::it_paginates_pelabuhan_with_custom_per_page(). Metadata in doc-comments is deprecated and will no longer be supported in PHPUnit 12. Update your test code to use attributes instead.

  [30;43;1m WARN [39;49;22m Metadata found in doc-comment for method Tests\Feature\Master\PelabuhanControllerTest::it_validates_per_page_parameter(). Metadata in doc-comments is deprecated and will no longer be supported in PHPUnit 12. Update your test code to use attributes instead.

  [30;43;1m WARN [39;49;22m Metadata found in doc-comment for method Tests\Feature\Master\PelabuhanControllerTest::it_can_search_pelabuhan_by_nama(). Metadata in doc-comments is deprecated and will no longer be supported in PHPUnit 12. Update your test code to use attributes instead.

  [30;43;1m WARN [39;49;22m Metadata found in doc-comment for method Tests\Feature\Master\PelabuhanControllerTest::it_can_search_pelabuhan_by_kode(). Metadata in doc-comments is deprecated and will no longer be supported in PHPUnit 12. Update your test code to use attributes instead.

  [30;43;1m WARN [39;49;22m Metadata found in doc-comment for method Tests\Feature\Master\PelabuhanControllerTest::it_can_filter_pelabuhan_by_tipe(). Metadata in doc-comments is deprecated and will no longer be supported in PHPUnit 12. Update your test code to use attributes instead.

  [30;43;1m WARN [39;49;22m Metadata found in doc-comment for method Tests\Feature\Master\PelabuhanControllerTest::it_can_filter_pelabuhan_by_status_active(). Metadata in doc-comments is deprecated and will no longer be supported in PHPUnit 12. Update your test code to use attributes instead.

  [30;43;1m WARN [39;49;22m Metadata found in doc-comment for method Tests\Feature\Master\PelabuhanControllerTest::it_can_filter_pelabuhan_by_status_inactive(). Metadata in doc-comments is deprecated and will no longer be supported in PHPUnit 12. Update your test code to use attributes instead.

  [30;43;1m WARN [39;49;22m Metadata found in doc-comment for method Tests\Feature\Master\PelabuhanControllerTest::it_can_sort_pelabuhan_by_kode(). Metadata in doc-comments is deprecated and will no longer be supported in PHPUnit 12. Update your test code to use attributes instead.

  [30;43;1m WARN [39;49;22m Metadata found in doc-comment for method Tests\Feature\Master\PelabuhanControllerTest::it_can_store_new_pelabuhan(). Metadata in doc-comments is deprecated and will no longer be supported in PHPUnit 12. Update your test code to use attributes instead.

  [30;43;1m WARN [39;49;22m Metadata found in doc-comment for method Tests\Feature\Master\PelabuhanControllerTest::it_validates_required_fields_when_storing_pelabuhan(). Metadata in doc-comments is deprecated and will no longer be supported in PHPUnit 12. Update your test code to use attributes instead.

  [30;43;1m WARN [39;49;22m Metadata found in doc-comment for method Tests\Feature\Master\PelabuhanControllerTest::it_can_update_pelabuhan(). Metadata in doc-comments is deprecated and will no longer be supported in PHPUnit 12. Update your test code to use attributes instead.

  [30;43;1m WARN [39;49;22m Metadata found in doc-comment for method Tests\Feature\Master\PelabuhanControllerTest::it_can_delete_pelabuhan(). Metadata in doc-comments is deprecated and will no longer be supported in PHPUnit 12. Update your test code to use attributes instead.

  [30;43;1m WARN [39;49;22m Metadata found in doc-comment for method Tests\Feature\Master\PelabuhanControllerTest::it_combines_search_filter_and_pagination(). Metadata in doc-comments is deprecated and will no longer be supported in PHPUnit 12. Update your test code to use attributes instead.

  [30;43;1m WARN [39;49;22m Metadata found in doc-comment for method Tests\Feature\Master\PelabuhanControllerTest::it_can_filter_and_search_pelabuhan_for_ajax_datatable(). Metadata in doc-comments is deprecated and will no longer be supported in PHPUnit 12. Update your test code to use attributes instead.

  [30;43;1m WARN [39;49;22m Metadata found in doc-comment for method Tests\Feature\Master\PelabuhanControllerTest::unauthenticated_user_cannot_access_pelabuhan_routes(). Metadata in doc-comments is deprecated and will no longer be supported in PHPUnit 12. Update your test code to use attributes instead.

  [30;43;1m WARN [39;49;22m Metadata found in doc-comment for method Tests\Feature\Master\TipePelabuhanControllerTest::it_can_display_tipe_pelabuhan_index(). Metadata in doc-comments is deprecated and will no longer be supported in PHPUnit 12. Update your test code to use attributes instead.

  [30;43;1m WARN [39;49;22m Metadata found in doc-comment for method Tests\Feature\Master\TipePelabuhanControllerTest::it_paginates_tipe_pelabuhan_with_default_per_page(). Metadata in doc-comments is deprecated and will no longer be supported in PHPUnit 12. Update your test code to use attributes instead.

  [30;43;1m WARN [39;49;22m Metadata found in doc-comment for method Tests\Feature\Master\TipePelabuhanControllerTest::it_paginates_tipe_pelabuhan_with_custom_per_page(). Metadata in doc-comments is deprecated and will no longer be supported in PHPUnit 12. Update your test code to use attributes instead.

  [30;43;1m WARN [39;49;22m Metadata found in doc-comment for method Tests\Feature\Master\TipePelabuhanControllerTest::it_validates_per_page_parameter(). Metadata in doc-comments is deprecated and will no longer be supported in PHPUnit 12. Update your test code to use attributes instead.

  [30;43;1m WARN [39;49;22m Metadata found in doc-comment for method Tests\Feature\Master\TipePelabuhanControllerTest::it_can_search_tipe_pelabuhan_by_nama(). Metadata in doc-comments is deprecated and will no longer be supported in PHPUnit 12. Update your test code to use attributes instead.

  [30;43;1m WARN [39;49;22m Metadata found in doc-comment for method Tests\Feature\Master\TipePelabuhanControllerTest::it_can_sort_tipe_pelabuhan_by_nama(). Metadata in doc-comments is deprecated and will no longer be supported in PHPUnit 12. Update your test code to use attributes instead.

  [30;43;1m WARN [39;49;22m Metadata found in doc-comment for method Tests\Feature\Master\TipePelabuhanControllerTest::it_can_sort_by_pelabuhans_count(). Metadata in doc-comments is deprecated and will no longer be supported in PHPUnit 12. Update your test code to use attributes instead.

  [30;43;1m WARN [39;49;22m Metadata found in doc-comment for method Tests\Feature\Master\TipePelabuhanControllerTest::it_can_store_new_tipe_pelabuhan(). Metadata in doc-comments is deprecated and will no longer be supported in PHPUnit 12. Update your test code to use attributes instead.

  [30;43;1m WARN [39;49;22m Metadata found in doc-comment for method Tests\Feature\Master\TipePelabuhanControllerTest::it_can_store_tipe_pelabuhan_via_ajax(). Metadata in doc-comments is deprecated and will no longer be supported in PHPUnit 12. Update your test code to use attributes instead.

  [30;43;1m WARN [39;49;22m Metadata found in doc-comment for method Tests\Feature\Master\TipePelabuhanControllerTest::it_validates_required_fields_when_storing(). Metadata in doc-comments is deprecated and will no longer be supported in PHPUnit 12. Update your test code to use attributes instead.

  [30;43;1m WARN [39;49;22m Metadata found in doc-comment for method Tests\Feature\Master\TipePelabuhanControllerTest::it_validates_unique_nama_when_storing(). Metadata in doc-comments is deprecated and will no longer be supported in PHPUnit 12. Update your test code to use attributes instead.

  [30;43;1m WARN [39;49;22m Metadata found in doc-comment for method Tests\Feature\Master\TipePelabuhanControllerTest::it_validates_max_length_for_nama(). Metadata in doc-comments is deprecated and will no longer be supported in PHPUnit 12. Update your test code to use attributes instead.

  [30;43;1m WARN [39;49;22m Metadata found in doc-comment for method Tests\Feature\Master\TipePelabuhanControllerTest::it_can_update_tipe_pelabuhan(). Metadata in doc-comments is deprecated and will no longer be supported in PHPUnit 12. Update your test code to use attributes instead.

  [30;43;1m WARN [39;49;22m Metadata found in doc-comment for method Tests\Feature\Master\TipePelabuhanControllerTest::it_validates_unique_nama_when_updating_except_itself(). Metadata in doc-comments is deprecated and will no longer be supported in PHPUnit 12. Update your test code to use attributes instead.

  [30;43;1m WARN [39;49;22m Metadata found in doc-comment for method Tests\Feature\Master\TipePelabuhanControllerTest::it_can_delete_unused_tipe_pelabuhan(). Metadata in doc-comments is deprecated and will no longer be supported in PHPUnit 12. Update your test code to use attributes instead.

  [30;43;1m WARN [39;49;22m Metadata found in doc-comment for method Tests\Feature\Master\TipePelabuhanControllerTest::it_cannot_delete_tipe_pelabuhan_that_is_in_use(). Metadata in doc-comments is deprecated and will no longer be supported in PHPUnit 12. Update your test code to use attributes instead.

  [30;43;1m WARN [39;49;22m Metadata found in doc-comment for method Tests\Feature\Master\TipePelabuhanControllerTest::it_can_search_tipe_pelabuhan_for_ajax_datatable(). Metadata in doc-comments is deprecated and will no longer be supported in PHPUnit 12. Update your test code to use attributes instead.

  [30;43;1m WARN [39;49;22m Metadata found in doc-comment for method Tests\Feature\Master\TipePelabuhanControllerTest::unauthenticated_user_cannot_access_tipe_pelabuhan_routes(). Metadata in doc-comments is deprecated and will no longer be supported in PHPUnit 12. Update your test code to use attributes instead.

  [30;42;1m PASS [39;49;22m[39m Tests\Feature\Master\PelabuhanControllerTest[39m
  [32;1m✓[39;22m[90m [39m[90mit can dis[39m[90m…[39m [90m0.41s[39m  
  [32;1m✓[39;22m[90m [39m[90mit paginat[39m[90m…[39m [90m0.03s[39m  
  [32;1m✓[39;22m[90m [39m[90mit paginat[39m[90m…[39m [90m0.06s[39m  
  [32;1m✓[39;22m[90m [39m[90mit validat[39m[90m…[39m [90m0.03s[39m  
  [32;1m✓[39;22m[90m [39m[90mit can sea[39m[90m…[39m [90m0.03s[39m  
  [32;1m✓[39;22m[90m [39m[90mit can sea[39m[90m…[39m [90m0.02s[39m  
  [32;1m✓[39;22m[90m [39m[90mit can fil[39m[90m…[39m [90m0.02s[39m  
  [32;1m✓[39;22m[90m [39m[90mit can fil[39m[90m…[39m [90m0.03s[39m  
  [32;1m✓[39;22m[90m [39m[90mit can fil[39m[90m…[39m [90m0.03s[39m  
  [32;1m✓[39;22m[90m [39m[90mit can sor[39m[90m…[39m [90m0.02s[39m  
  [32;1m✓[39;22m[90m [39m[90mit can sto[39m[90m…[39m [90m0.03s[39m  
  [32;1m✓[39;22m[90m [39m[90mit validat[39m[90m…[39m [90m0.02s[39m  
  [32;1m✓[39;22m[90m [39m[90mit can upd[39m[90m…[39m [90m0.02s[39m  
  [32;1m✓[39;22m[90m [39m[90mit can del[39m[90m…[39m [90m0.02s[39m  
  [32;1m✓[39;22m[90m [39m[90mit combine[39m[90m…[39m [90m0.03s[39m  
  [32;1m✓[39;22m[90m [39m[90mit can fil[39m[90m…[39m [90m0.03s[39m  
  [32;1m✓[39;22m[90m [39m[90munauthenti[39m[90m…[39m [90m0.02s[39m  

  [39;41;1m FAIL [39;49;22m[39m Tests\Feature\Master\TipePelabuhanControllerTest[39m
  [31;1m⨯[39;22m[90m [39m[90mit can dis[39m[90m…[39m [90m0.05s[39m  
  [32;1m✓[39;22m[90m [39m[90mit paginat[39m[90m…[39m [90m0.02s[39m  
  [32;1m✓[39;22m[90m [39m[90mit paginat[39m[90m…[39m [90m0.02s[39m  
  [32;1m✓[39;22m[90m [39m[90mit validat[39m[90m…[39m [90m0.02s[39m  
  [31;1m⨯[39;22m[90m [39m[90mit can sea[39m[90m…[39m [90m0.02s[39m  
  [32;1m✓[39;22m[90m [39m[90mit can sor[39m[90m…[39m [90m0.03s[39m  
  [31;1m⨯[39;22m[90m [39m[90mit can sor[39m[90m…[39m [90m0.03s[39m  
  [32;1m✓[39;22m[90m [39m[90mit can sto[39m[90m…[39m [90m0.02s[39m  
  [32;1m✓[39;22m[90m [39m[90mit can sto[39m[90m…[39m [90m0.02s[39m  
  [32;1m✓[39;22m[90m [39m[90mit validat[39m[90m…[39m [90m0.02s[39m  
  [32;1m✓[39;22m[90m [39m[90mit validat[39m[90m…[39m [90m0.02s[39m  
  [32;1m✓[39;22m[90m [39m[90mit validat[39m[90m…[39m [90m0.02s[39m  
  [32;1m✓[39;22m[90m [39m[90mit can upd[39m[90m…[39m [90m0.02s[39m  
  [32;1m✓[39;22m[90m [39m[90mit validat[39m[90m…[39m [90m0.02s[39m  
  [32;1m✓[39;22m[90m [39m[90mit can del[39m[90m…[39m [90m0.02s[39m  
  [32;1m✓[39;22m[90m [39m[90mit cannot[39m[90m… [39m [90m0.02s[39m  
  [32;1m✓[39;22m[90m [39m[90mit can sea[39m[90m…[39m [90m0.02s[39m  
  [32;1m✓[39;22m[90m [39m[90munauthenti[39m[90m…[39m [90m0.02s[39m  
  [31m───────────────────[39m  
  [41;1m FAILED [49;22m [1mTests\Fe[22m…   
[39;1m  Expected: [39;22m[31m<!DOCTYPE html>\n
[39m[31m<html lang="en">[39m[31m\n
    [39m[31m<head>[39m[31m\n
        [39m[31m<meta charset="utf-8">[39m[31m\n
        [39m[31m<meta name="viewport" content="width=device-width, initial-scale=1">[39m[31m\n
        [39m[31m<meta name="csrf-token" content="2DAXs5xfVrhTQm1PtGtATKycJm580t5aWwSL9xxV">[39m[31m\n
\n
        [39m[31m<title>[39m[31mMaster Tipe Pelabuhan - SAPOJAM[39m[31m</title>[39m[31m\n
\n
        <!-- Fonts -->\n
        [39m[31m<link rel="preconnect" href="https://fonts.bunny.net">[39m[31m\n
        [39m[31m<link href="https://fonts.bunny.net/css?family=figtree:400,500,600&display=swap" rel="stylesheet" />[39m[31m\n
\n
        <!-- Scripts -->\n
        [39m[31m<script type="module" src="https://silapor-upp-jampea.test:5173/@vite/client">[39m[31m</script>[39m[31m<link rel="stylesheet" href="https://silapor-upp-jampea.test:5173/resources/css/app.css" />[39m[31m<script type="module" src="https://silapor-upp-jampea.test:5173/resources/js/app.js">[39m[31m</script>[39m[31m\n
        <!-- Styles Stack -->\n
        [39m[31m<link rel="stylesheet" href="https://cdn.datatables.net/1.13.6/css/jquery.dataTables.min.css">[39m[31m\n
[39m[31m<link rel="stylesheet" href="https://cdn.datatables.net/responsive/2.5.0/css/responsive.dataTables.min.css">[39m[31m\n
[39m[31m<style>[39m[31m\n
    /* DataTables Custom Styling */\n
    #tipe-pelabuhan-table_wrapper .dataTables_filter {\n
        display: none;\n
    }\n
\n
    #tipe-pelabuhan-table_wrapper .dataTables_length {\n
        display: block;\n
    }\n
\n
    #tipe-pelabuhan-table_wrapper .dataTables_length label {\n
        display: flex;\n
        align-items: center;\n
        gap: 0.5rem;\n
        font-size: 0.875rem;\n
        color: #6b7280;\n
    }\n
\n
    #tipe-pelabuhan-table_wrapper .dataTables_length select {\n
        padding: 0.375rem 1.75rem 0.375rem 0.75rem !important;\n
        font-size: 0.75rem !important;\n
        line-height: 1.25rem !important;\n
        color: #374151 !important;\n
        background-color: #fff !important;\n
        border: 1px solid #e5e7eb !important;\n
        border-radius: 0.5rem !important;\n
        appearance: none !important;\n
        background-image: url("data:image/svg+xml,%3csvg xmlns='http://www.w3.org/2000/svg' fill='none' viewBox='0 0 20 20'%3e%3cpath stroke='%236b7280' stroke-linecap='round' stroke-linejoin='round' stroke-width='1.5' d='M6 8l4 4 4-4'/%3e%3c/svg%3e") !important;\n
        background-position: right 0.5rem center !important;\n
        background-repeat: no-repeat !important;\n
        background-size: 1.5em 1.5em !important;\n
        cursor: pointer;\n
    }\n
\n
    #tipe-pelabuhan-table_wrapper .dataTables_length select:focus {\n
        outline: none !important;\n
        border-color: #3b82f6 !important;\n
        ring: 2px !important;\n
        ring-color: #3b82f6 !important;\n
    }\n
\n
    table.dataTable.no-footer {\n
        border-bottom: 1px solid #e5e7eb !important;\n
    }\n
\n
    #tipe-pelabuhan-table thead th {\n
        background-color: #f9fafb;\n
        color: #374151;\n
        text-transform: uppercase;\n
        font-size: 0.7rem;\n
        letter-spacing: 0.05em;\n
        font-weight: 600;\n
        padding: 0.5rem 1rem;\n
        border-bottom: 1px solid #e5e7eb;\n
    }\n
\n
    #tipe-pelabuhan-table tbody td {\n
        padding: 0.5rem 1rem;\n
        vertical-align: middle;\n
        border-bottom: 1px solid #f3f4f6;\n
        font-size: 0.75rem;\n
    }\n
\n
    #tipe-pelabuhan-table tbody tr:hover {\n
        background-color: #eff6ff !important;\n
        transition: background-color 0.2s;\n
    }\n
\n
    /* Custom Pagination Styling */\n
    .dataTables_wrapper .dataTables_info {\n
        padding-top: 1.5rem !important;\n
        color: #6b7280 !important;\n
        font-size: 0.875rem !important;\n
    }\n
\n
    .dataTables_wrapper .dataTables_paginate {\n
        padding-top: 1.5rem !important;\n
    }\n
\n
    .dataTables_wrapper .dataTables_paginate .paginate_button {\n
        border-radius: 0.5rem !important;\n
        border: 1px solid #e5e7eb !important;\n
        background: white !important;\n
        color: #374151 !important;\n
        padding: 0.4rem 0.8rem !important;\n
        margin-left: 0.25rem !important;\n
        font-size: 0.875rem !important;\n
    }\n
\n
    .dataTables_wrapper .dataTables_paginate .paginate_button.current,\n
    .dataTables_wrapper .dataTables_paginate .paginate_button.current:hover {\n
        background: #2563eb !important;\n
        color: white !important;\n
        border-color: #2563eb !important;\n
    }\n
\n
    .dataTables_wrapper .dataTables_paginate .paginate_button:hover {\n
        background: #f3f4f6 !important;\n
        color: #2563eb !important;\n
        border-color: #d1d5db !important;\n
    }\n
\n
    .dataTables_wrapper .dataTables_paginate .paginate_button.disabled,\n
    .dataTables_wrapper .dataTables_paginate .paginate_button.disabled:hover {\n
        background: #f9fafb !important;\n
        color: #9ca3af !important;\n
        cursor: not-allowed !important;\n
    }\n
[39m[31m</style>[39m[31m\n
\n
        <!-- Favicon -->\n
        [39m[31m<link rel="icon" type="image/png" href="https://silapor-upp-jampea.test/icon.png">[39m[31m\n
\n
        <!-- SweetAlert2 -->\n
        [39m[31m<link rel="stylesheet" href="https://cdn.jsdelivr.net/npm/sweetalert2@11/dist/sweetalert2.min.css">[39m[31m\n
        [39m[31m<script src="https://cdn.jsdelivr.net/npm/sweetalert2@11">[39m[31m</script>[39m[31m\n
        \n
        [39m[31m<style>[39m[31m\n
            .swal2-popup {\n
                font-family: 'Figtree', sans-serif !important;\n
                border-radius: 1rem !important;\n
            }\n
            .swal2-title {\n
                font-weight: 700 !important;\n
            }\n
            /* Row Stacking Fix for Dropdown Menus */\n
            .dataTables_wrapper table tbody tr {\n
                position: relative;\n
                z-index: 1;\n
            }\n
            .dataTables_wrapper table tbody tr:hover,\n
            .dataTables_wrapper table tbody tr:focus-within {\n
                z-index: 100 !important;\n
                position: relative !important;\n
            }\n
        [39m[31m</style>[39m[31m\n
    [39m[31m</head>[39m[31m\n
    [39m[31m<body class="font-sans antialiased bg-gray-100"\n
          x-data="{\n
              sidebarOpen: window.innerWidth >[39m[31m= 1024,\n
              isMobile: window.innerWidth < 1024,\n
              init() {\n
                  window.addEventListener('resize', () => {\n
                      const wasMobile = this.isMobile;\n
                      this.isMobile = window.innerWidth < 1024;\n
                      if (!this.isMobile && wasMobile) {\n
                          this.sidebarOpen = true;\n
                      }\n
                  });\n
              }\n
          }">\n
        <!-- Mobile Overlay -->\n
        [39m[31m<div x-show="sidebarOpen && isMobile"\n
             @click="sidebarOpen = false"\n
             x-transition:enter="transition-opacity ease-linear duration-300"\n
             x-transition:enter-start="opacity-0"\n
             x-transition:enter-end="opacity-100"\n
             x-transition:leave="transition-opacity ease-linear duration-300"\n
             x-transition:leave-start="opacity-100"\n
             x-transition:leave-end="opacity-0"\n
             class="fixed inset-0 z-30 bg-gray-900 bg-opacity-50"\n
             style="display: none;">[39m[31m</div>[39m[31m\n
\n
        <!-- Sidebar -->\n
        [39m[31m<aside class="fixed top-0 left-0 z-40 w-64 h-screen transition-transform duration-300 bg-gray-800 text-white -translate-x-full"\n
       :class="{ 'translate-x-0': sidebarOpen }">[39m[31m\n
    [39m[31m<div class="h-full px-3 py-4 overflow-y-auto">[39m[31m\n
        <!-- Logo & Title -->\n
        [39m[31m<div class="flex items-center mb-5 p-2">[39m[31m\n
            [39m[31m<img src="https://silapor-upp-jampea.test/icon.png" class="w-8 h-8 mr-2" alt="Logo">[39m[31m\n
            [39m[31m<div>[39m[31m\n
                [39m[31m<h2 class="text-lg font-bold">[39m[31mSAPOJAM[39m[31m</h2>[39m[31m\n
                [39m[31m<p class="text-xs text-gray-400">[39m[31mSistem Administrasi Pelaporan Operasional Pelabuhan Jampea[39m[31m</p>[39m[31m\n
            [39m[31m</div>[39m[31m\n
        [39m[31m</div>[39m[31m\n
\n
        <!-- Navigation Menu -->\n
        [39m[31m<ul class="space-y-2 font-medium" id="sidebar-nav">[39m[31m\n
            <!-- Dashboard -->\n
            [39m[31m<li>[39m[31m\n
                [39m[31m<a href="https://silapor-upp-jampea.test/dashboard"\n
                   class="flex items-center p-2 rounded-lg hover:bg-gray-700 ">[39m[31m\n
                    [39m[31m<svg class="w-5 h-5 transition duration-75 text-gray-400 group-hover:text-white" fill="currentColor" viewBox="0 0 20 20">[39m[31m\n
                        [39m[31m<path d="M2 10a8 8 0 018-8v8h8a8 8 0 11-16 0z"/>[39m[31m\n
                        [39m[31m<path d="M12 2.252A8.014 8.014 0 0117.748 8H12V2.252z"/>[39m[31m\n
                    [39m[31m</svg>[39m[31m\n
                    [39m[31m<span class="ml-3">[39m[31mDashboard[39m[31m</span>[39m[31m\n
                [39m[31m</a>[39m[31m\n
            [39m[31m</li>[39m[31m\n
\n
            <!-- Input Kunjungan -->\n
            [39m[31m<li>[39m[31m\n
                [39m[31m<a href="https://silapor-upp-jampea.test/kunjungan"\n
                   class="flex items-center p-2 rounded-lg hover:bg-gray-700 ">[39m[31m\n
                    [39m[31m<svg class="w-5 h-5 text-gray-400 group-hover:text-white" fill="currentColor" viewBox="0 0 20 20">[39m[31m\n
                        [39m[31m<path d="M9 2a1 1 0 000 2h2a1 1 0 100-2H9z"/>[39m[31m\n
                        [39m[31m<path fill-rule="evenodd" d="M4 5a2 2 0 012-2 3 3 0 003 3h2a3 3 0 003-3 2 2 0 012 2v11a2 2 0 01-2 2H6a2 2 0 01-2-2V5zm9.707 5.707a1 1 0 00-1.414-1.414L9 12.586l-1.293-1.293a1 1 0 00-1.414 1.414l2 2a1 1 0 001.414 0l4-4z" clip-rule="evenodd"/>[39m[31m\n
                    [39m[31m</svg>[39m[31m\n
                    [39m[31m<span class="ml-3">[39m[31mInput Kunjungan[39m[31m</span>[39m[31m\n
                [39m[31m</a>[39m[31m\n
            [39m[31m</li>[39m[31m\n
\n
            <!-- Master Data -->\n
                        [39m[31m<li x-data="{ open: true }">[39m[31m\n
                [39m[31m<button type="button"\n
                        class="flex items-center w-full p-2 rounded-lg hover:bg-gray-700 group text-white"\n
                        @click="open = !open">[39m[31m\n
                    [39m[31m<svg class="w-5 h-5 text-gray-400 group-hover:text-white" fill="currentColor" viewBox="0 0 20 20">[39m[31m\n
                        [39m[31m<path d="M7 3a1 1 0 000 2h6a1 1 0 100-2H7zM4 7a1 1 0 011-1h10a1 1 0 110 2H5a1 1 0 01-1-1zM2 11a2 2 0 012-2h12a2 2 0 012 2v4a2 2 0 01-2 2H4a2 2 0 01-2-2v-4z"/>[39m[31m\n
                    [39m[31m</svg>[39m[31m\n
                    [39m[31m<span class="flex-1 ml-3 text-left whitespace-nowrap">[39m[31mMaster Data[39m[31m</span>[39m[31m\n
                    [39m[31m<svg class="w-3 h-3 transition-transform" fill="currentColor" viewBox="0 0 10 6" :class="{ 'rotate-180': open }">[39m[31m\n
                        [39m[31m<path fill-rule="evenodd" d="M1.646 1.646a.5.5 0 01.708 0L5 4.293l2.646-2.647a.5.5 0 01.708.708l-3 3a.5.5 0 01-.708 0l-3-3a.5.5 0 010-.708z"/>[39m[31m\n
                    [39m[31m</svg>[39m[31m\n
                [39m[31m</button>[39m[31m\n
                [39m[31m<ul x-show="open" x-collapse class="py-2 space-y-2">[39m[31m\n
                    [39m[31m<li>[39m[31m\n
                        [39m[31m<a href="https://silapor-upp-jampea.test/master/pelabuhan"\n
                           class="flex items-center w-full p-2 pl-11 rounded-lg hover:bg-gray-700 ">[39m[31m\n
                            Pelabuhan\n
                        [39m[31m</a>[39m[31m\n
                    [39m[31m</li>[39m[31m\n
                    [39m[31m<li>[39m[31m\n
                        [39m[31m<a href="https://silapor-upp-jampea.test/master/tipe-pelabuhan"\n
                           class="flex items-center w-full p-2 pl-11 rounded-lg hover:bg-gray-700 bg-gray-700">[39m[31m\n
                            Tipe Pelabuhan\n
                        [39m[31m</a>[39m[31m\n
                    [39m[31m</li>[39m[31m\n
                    [39m[31m<li>[39m[31m\n
                        [39m[31m<a href="https://silapor-upp-jampea.test/master/kapal"\n
                           class="flex items-center w-full p-2 pl-11 rounded-lg hover:bg-gray-700 ">[39m[31m\n
                            Kapal\n
                        [39m[31m</a>[39m[31m\n
                    [39m[31m</li>[39m[31m\n
                    [39m[31m<li>[39m[31m\n
                        [39m[31m<a href="https://silapor-upp-jampea.test/master/jenis-kapal"\n
                           class="flex items-center w-full p-2 pl-11 rounded-lg hover:bg-gray-700 ">[39m[31m\n
                            Jenis Kapal\n
                        [39m[31m</a>[39m[31m\n
                    [39m[31m</li>[39m[31m\n
                    [39m[31m<li>[39m[31m\n
                        [39m[31m<a href="https://silapor-upp-jampea.test/master/nakhoda"\n
                           class="flex items-center w-full p-2 pl-11 rounded-lg hover:bg-gray-700 ">[39m[31m\n
                            Nakhoda\n
                        [39m[31m</a>[39m[31m\n
                    [39m[31m</li>[39m[31m\n
                    [39m[31m<li>[39m[31m\n
                        [39m[31m<a href="https://silapor-upp-jampea.test/master/barang-b3"\n
                           class="flex items-center w-full p-2 pl-11 rounded-lg hover:bg-gray-700 ">[39m[31m\n
                            Barang B3\n
                        [39m[31m</a>[39m[31m\n
                    [39m[31m</li>[39m[31m\n
                [39m[31m</ul>[39m[31m\n
            [39m[31m</li>[39m[31m\n
\n
            <!-- Laporan -->\n
            [39m[31m<li x-data="{ open: false }">[39m[31m\n
                [39m[31m<button type="button"\n
                        class="flex items-center w-full p-2 rounded-lg hover:bg-gray-700 group"\n
                        @click="open = !open">[39m[31m\n
                    [39m[31m<svg class="w-5 h-5 text-gray-400 group-hover:text-white" fill="currentColor" viewBox="0 0 20 20">[39m[31m\n
                        [39m[31m<path fill-rule="evenodd" d="M6 2a2 2 0 00-2 2v12a2 2 0 002 2h8a2 2 0 002-2V7.414A2 2 0 0015.414 6L12 2.586A2 2 0 0010.586 2H6zm5 6a1 1 0 10-2 0v3.586l-1.293-1.293a1 1 0 10-1.414 1.414l3 3a1 1 0 001.414 0l3-3a1 1 0 00-1.414-1.414L11 11.586V8z" clip-rule="evenodd"/>[39m[31m\n
                    [39m[31m</svg>[39m[31m\n
                    [39m[31m<span class="flex-1 ml-3 text-left whitespace-nowrap">[39m[31mLaporan[39m[31m</span>[39m[31m\n
                    [39m[31m<svg class="w-3 h-3 transition-transform" fill="currentColor" viewBox="0 0 10 6" :class="{ 'rotate-180': open }">[39m[31m\n
                        [39m[31m<path fill-rule="evenodd" d="M1.646 1.646a.5.5 0 01.708 0L5 4.293l2.646-2.647a.5.5 0 01.708.708l-3 3a.5.5 0 01-.708 0l-3-3a.5.5 0 010-.708z"/>[39m[31m\n
                    [39m[31m</svg>[39m[31m\n
                [39m[31m</button>[39m[31m\n
                [39m[31m<ul x-show="open" x-collapse class="py-2 space-y-2">[39m[31m\n
                    [39m[31m<li>[39m[31m\n
                        [39m[31m<a href="#" class="flex items-center w-full p-2 pl-11 rounded-lg hover:bg-gray-700">[39m[31mPELRA[39m[31m</a>[39m[31m\n
                    [39m[31m</li>[39m[31m\n
                    [39m[31m<li>[39m[31m\n
                        [39m[31m<a href="#" class="flex items-center w-full p-2 pl-11 rounded-lg hover:bg-gray-700">[39m[31mPerintis[39m[31m</a>[39m[31m\n
                    [39m[31m</li>[39m[31m\n
                    [39m[31m<li>[39m[31m\n
                        [39m[31m<a href="#" class="flex items-center w-full p-2 pl-11 rounded-lg hover:bg-gray-700">[39m[31mFerry[39m[31m</a>[39m[31m\n
                    [39m[31m</li>[39m[31m\n
                    [39m[31m<li>[39m[31m\n
                        [39m[31m<a href="#" class="flex items-center w-full p-2 pl-11 rounded-lg hover:bg-gray-700">[39m[31mDalam Negeri[39m[31m</a>[39m[31m\n
                    [39m[31m</li>[39m[31m\n
                    [39m[31m<li>[39m[31m\n
                        [39m[31m<a href="#" class="flex items-center w-full p-2 pl-11 rounded-lg hover:bg-gray-700">[39m[31mLuar Negeri[39m[31m</a>[39m[31m\n
                    [39m[31m</li>[39m[31m\n
                    [39m[31m<li>[39m[31m\n
                        [39m[31m<a href="#" class="flex items-center w-full p-2 pl-11 rounded-lg hover:bg-gray-700">[39m[31mRekap SPB[39m[31m</a>[39m[31m\n
                    [39m[31m</li>[39m[31m\n
                    [39m[31m<li>[39m[31m\n
                        [39m[31m<a href="#" class="flex items-center w-full p-2 pl-11 rounded-lg hover:bg-gray-700">[39m[31mRekap Operasional[39m[31m</a>[39m[31m\n
                    [39m[31m</li>[39m[31m\n
                    [39m[31m<li>[39m[31m\n
                        [39m[31m<a href="#" class="flex items-center w-full p-2 pl-11 rounded-lg hover:bg-gray-700 text-green-400">[39m[31m\n
                            📥 Export Excel\n
                        [39m[31m</a>[39m[31m\n
                    [39m[31m</li>[39m[31m\n
                [39m[31m</ul>[39m[31m\n
            [39m[31m</li>[39m[31m\n
        [39m[31m</ul>[39m[31m\n
    [39m[31m</div>[39m[31m\n
\n
    [39m[31m<script>[39m[31m\n
        document.addEventListener('DOMContentLoaded', function() {\n
            const sidebar = document.querySelector('aside .overflow-y-auto');\n
\n
            // Restore scroll position\n
            const scrollPos = localStorage.getItem('sidebar-scroll-pos');\n
            if (scrollPos) {\n
                sidebar.scrollTop = scrollPos;\n
            }\n
\n
            // Save scroll position before reload\n
            window.addEventListener('beforeunload', function() {\n
                localStorage.setItem('sidebar-scroll-pos', sidebar.scrollTop);\n
            });\n
\n
            // Fallback: save on scroll for browsers that don't support beforeunload reliably\n
            let scrollTimeout;\n
            sidebar.addEventListener('scroll', function() {\n
                clearTimeout(scrollTimeout);\n
                scrollTimeout = setTimeout(() => {\n
                    localStorage.setItem('sidebar-scroll-pos', sidebar.scrollTop);\n
                }, 100);\n
            });\n
        });\n
    [39m[31m</script>[39m[31m\n
[39m[31m</aside>[39m[31m\n
\n
        <!-- Main Content Area -->\n
        [39m[31m<div class="min-h-screen transition-all duration-300"\n
             :class="{ 'lg:ml-64': sidebarOpen && !isMobile, 'ml-0': !sidebarOpen || isMobile }"\n
             id="main-content">[39m[31m\n
            <!-- Topbar -->\n
            [39m[31m<header class="bg-white shadow">[39m[31m\n
    [39m[31m<div class="py-4 px-4 sm:px-6 lg:px-8 flex justify-between items-center">[39m[31m\n
        <!-- Burger Menu & Page Title -->\n
        [39m[31m<div class="flex items-center space-x-3">[39m[31m\n
            <!-- Burger Menu Button -->\n
            [39m[31m<button @click="sidebarOpen = !sidebarOpen"\n
                    class="p-2 rounded-lg text-gray-600 hover:bg-gray-100 hover:text-gray-900 focus:outline-none focus:ring-2 focus:ring-gray-200 transition-colors">[39m[31m\n
                [39m[31m<svg class="w-6 h-6" fill="none" stroke="currentColor" viewBox="0 0 24 24">[39m[31m\n
                    [39m[31m<path stroke-linecap="round" stroke-linejoin="round" stroke-width="2" d="M4 6h16M4 12h16M4 18h16"/>[39m[31m\n
                [39m[31m</svg>[39m[31m\n
            [39m[31m</button>[39m[31m\n
            <!-- Page Title -->\n
            [39m[31m<h1 class="text-xl sm:text-2xl font-bold text-gray-800">[39m[31m\n
                Master Tipe Pelabuhan\n
            [39m[31m</h1>[39m[31m\n
        [39m[31m</div>[39m[31m\n
\n
        <!-- User Dropdown -->\n
        [39m[31m<div class="relative" x-data="{ open: false }">[39m[31m\n
            [39m[31m<button @click="open = !open"\n
                    class="flex items-center space-x-2 text-gray-700 hover:text-gray-900 focus:outline-none">[39m[31m\n
                [39m[31m<div class="w-8 h-8 bg-blue-600 rounded-full flex items-center justify-center text-white font-bold">[39m[31m\n
                    P\n
                [39m[31m</div>[39m[31m\n
                [39m[31m<span class="hidden sm:block">[39m[31mProf. Kip Wuckert[39m[31m</span>[39m[31m\n
                [39m[31m<svg class="w-4 h-4" fill="currentColor" viewBox="0 0 20 20">[39m[31m\n
                    [39m[31m<path fill-rule="evenodd" d="M5.293 7.293a1 1 0 011.414 0L10 10.586l3.293-3.293a1 1 0 111.414 1.414l-4 4a1 1 0 01-1.414 0l-4-4a1 1 0 010-1.414z" clip-rule="evenodd"/>[39m[31m\n
                [39m[31m</svg>[39m[31m\n
            [39m[31m</button>[39m[31m\n
\n
            <!-- Dropdown Menu -->\n
            [39m[31m<div x-show="open"\n
                 @click.away="open = false"\n
                 x-transition:enter="transition ease-out duration-200"\n
                 x-transition:enter-start="transform opacity-0 scale-95"\n
                 x-transition:enter-end="transform opacity-100 scale-100"\n
                 x-transition:leave="transition ease-in duration-75"\n
                 x-transition:leave-start="transform opacity-100 scale-100"\n
                 x-transition:leave-end="transform opacity-0 scale-95"\n
                 class="absolute right-0 mt-2 w-48 bg-white rounded-md shadow-lg py-1 z-50"\n
                 style="display: none;">[39m[31m\n
\n
                [39m[31m<a href="https://silapor-upp-jampea.test/profile"\n
                   class="block px-4 py-2 text-sm text-gray-700 hover:bg-gray-100">[39m[31m\n
                    Profile\n
                [39m[31m</a>[39m[31m\n
\n
                [39m[31m<form method="POST" action="https://silapor-upp-jampea.test/logout">[39m[31m\n
                    [39m[31m<input type="hidden" name="_token" value="2DAXs5xfVrhTQm1PtGtATKycJm580t5aWwSL9xxV" autocomplete="off">[39m[31m                    [39m[31m<button type="submit"\n
                            class="block w-full text-left px-4 py-2 text-sm text-gray-700 hover:bg-gray-100">[39m[31m\n
                        Logout\n
                    [39m[31m</button>[39m[31m\n
                [39m[31m</form>[39m[31m\n
            [39m[31m</div>[39m[31m\n
        [39m[31m</div>[39m[31m\n
    [39m[31m</div>[39m[31m\n
[39m[31m</header>[39m[31m\n
\n
            <!-- Page Content -->\n
            [39m[31m<main class="p-6">[39m[31m\n
                [39m[31m<div class="space-y-6" x-data="{\n
    editData: {},\n
    editAction: '',\n
    editTipePelabuhan(tipe) {\n
        this.editData = { ...tipe };\n
        this.editAction = 'https://silapor-upp-jampea.test/master/tipe-pelabuhan/' + tipe.id;\n
        $dispatch('open-modal', 'edit-tipe-pelabuhan-modal');\n
    }\n
}" @edit-tipe-pelabuhan.window="editTipePelabuhan($event.detail)">[39m[31m\n
    <!-- Search, Filter & Action Card -->\n
    [39m[31m<div class="bg-white p-4 rounded-xl shadow-sm border border-gray-100 mb-6 flex flex-col md:flex-row justify-between items-center gap-4">[39m[31m\n
        [39m[31m<form id="filter-form" class="flex flex-col md:flex-row gap-3 w-full md:w-auto flex-1">[39m[31m\n
            [39m[31m<div class="w-full md:w-72">[39m[31m\n
                [39m[31m<input type="text" id="search-input" placeholder="Cari nama atau keterangan..."\n
                       class="w-full px-3 py-1.5 text-sm border border-gray-300 rounded-md focus:ring-2 focus:ring-blue-500 focus:border-blue-500">[39m[31m\n
            [39m[31m</div>[39m[31m\n
            [39m[31m<div class="w-full md:w-48 relative z-50">[39m[31m\n
                [39m[31m<select id="status-filter" class="searchable-select w-full px-3 py-1.5 text-sm border border-gray-300 rounded-md focus:ring-2 focus:ring-blue-500 focus:border-blue-500">[39m[31m\n
                    [39m[31m<option value="">[39m[31mSemua Status[39m[31m</option>[39m[31m\n
                    [39m[31m<option value="active">[39m[31mAktif[39m[31m</option>[39m[31m\n
                    [39m[31m<option value="inactive">[39m[31mTidak Aktif[39m[31m</option>[39m[31m\n
                [39m[31m</select>[39m[31m\n
            [39m[31m</div>[39m[31m\n
            [39m[31m<div class="flex w-full md:w-auto">[39m[31m\n
                [39m[31m<div class="inline-flex shadow-sm rounded-md" role="group">[39m[31m\n
                    [39m[31m<button type="button" id="btn-cari" class="px-4 py-1.5 text-sm font-medium text-white bg-blue-600 border border-blue-600 rounded-l-md hover:bg-blue-700 focus:z-10 focus:ring-2 focus:ring-blue-500 transition-all">[39m[31m\n
                        Cari\n
                    [39m[31m</button>[39m[31m\n
                    [39m[31m<button type="button" id="btn-reset" class="px-4 py-1.5 text-sm font-medium text-gray-700 bg-white border border-gray-300 rounded-r-md hover:bg-gray-50 focus:z-10 focus:ring-2 focus:ring-blue-500 transition-all">[39m[31m\n
                        Reset\n
                    [39m[31m</button>[39m[31m\n
                [39m[31m</div>[39m[31m\n
            [39m[31m</div>[39m[31m\n
        [39m[31m</form>[39m[31m\n
\n
        [39m[31m<div class="w-full md:w-auto border-t md:border-t-0 md:border-l border-gray-200 pt-4 md:pt-0 md:pl-4 flex justify-end">[39m[31m\n
            [39m[31m<button x-on:click="$dispatch('open-modal', 'tambah-tipe-modal')" class="px-4 py-1.5 bg-blue-600 text-white text-sm font-medium rounded-md hover:bg-blue-700 transition-all flex items-center gap-2">[39m[31m\n
                [39m[31m<svg class="w-4 h-4" fill="none" stroke="currentColor" viewBox="0 0 24 24">[39m[31m<path stroke-linecap="round" stroke-linejoin="round" stroke-width="2" d="M12 4v16m8-8H4"/>[39m[31m</svg>[39m[31m\n
                Tambah Tipe\n
            [39m[31m</button>[39m[31m\n
        [39m[31m</div>[39m[31m\n
    [39m[31m</div>[39m[31m\n
\n
    <!-- Success/Error Alert -->\n
    \n
    \n
    <!-- Data Table -->\n
    [39m[31m<div class="bg-white rounded-xl shadow-sm border border-gray-100 overflow-visible">[39m[31m\n
        [39m[31m<div class="overflow-visible">[39m[31m\n
            [39m[31m<table id="tipe-pelabuhan-table" class="min-w-full divide-y divide-gray-200">[39m[31m\n
                [39m[31m<thead>[39m[31m\n
                    [39m[31m<tr>[39m[31m\n
                        [39m[31m<th>[39m[31mNo[39m[31m</th>[39m[31m\n
                        [39m[31m<th>[39m[31mNama Tipe[39m[31m</th>[39m[31m\n
                        [39m[31m<th>[39m[31mKeterangan[39m[31m</th>[39m[31m\n
                        [39m[31m<th>[39m[31mJumlah Pelabuhan[39m[31m</th>[39m[31m\n
                        [39m[31m<th class="text-center">[39m[31mAksi[39m[31m</th>[39m[31m\n
                    [39m[31m</tr>[39m[31m\n
                [39m[31m</thead>[39m[31m\n
                [39m[31m<tbody class="bg-white">[39m[31m\n
                    <!-- DataTables will fill this -->\n
                [39m[31m</tbody>[39m[31m\n
            [39m[31m</table>[39m[31m\n
        [39m[31m</div>[39m[31m\n
    [39m[31m</div>[39m[31m\n
\n
\n
    <!-- Modal Tambah Tipe -->\n
    [39m[31m<div\n
    x-data="{\n
        show: false,\n
        closeable: false,\n
        focusables() {\n
            // All focusable element types...\n
            let selector = 'a, button, input:not([type=\'hidden\']), textarea, select, details, [tabindex]:not([tabindex=\'-1\'])'\n
            return [...$el.querySelectorAll(selector)]\n
                // All non-disabled elements...\n
                .filter(el =>[39m[31m ! el.hasAttribute('disabled'))\n
        },\n
        firstFocusable() { return this.focusables()[0] },\n
        lastFocusable() { return this.focusables().slice(-1)[0] },\n
        nextFocusable() { return this.focusables()[this.nextFocusableIndex()] || this.firstFocusable() },\n
        prevFocusable() { return this.focusables()[this.prevFocusableIndex()] || this.lastFocusable() },\n
        nextFocusableIndex() { return (this.focusables().indexOf(document.activeElement) + 1) % (this.focusables().length + 1) },\n
        prevFocusableIndex() { return Math.max(0, this.focusables().indexOf(document.activeElement)) -1 },\n
        close() {\n
            if (this.closeable) {\n
                this.show = false\n
            }\n
        }\n
    }"\n
    x-init="$watch('show', value => {\n
        if (value) {\n
            document.body.classList.add('overflow-y-hidden');\n
            \n
        } else {\n
            document.body.classList.remove('overflow-y-hidden');\n
        }\n
    })"\n
    x-on:open-modal.window="$event.detail == 'tambah-tipe-modal' ? show = true : null"\n
    x-on:close-modal.window="$event.detail == 'tambah-tipe-modal' ? show = false : null"\n
    x-on:close.stop="close()"\n
    x-on:keydown.escape.window="close()"\n
    x-on:keydown.tab.prevent="$event.shiftKey || nextFocusable().focus()"\n
    x-on:keydown.shift.tab.prevent="prevFocusable().focus()"\n
    x-show="show"\n
    class="fixed inset-0 overflow-y-auto px-4 py-6 sm:px-0 z-[10000]"\n
    style="display: none;"\n
>\n
    [39m[31m<div\n
        x-show="show"\n
        class="fixed inset-0 transform transition-all"\n
        x-on:click="close()"\n
        x-transition:enter="ease-out duration-300"\n
        x-transition:enter-start="opacity-0"\n
        x-transition:enter-end="opacity-100"\n
        x-transition:leave="ease-in duration-200"\n
        x-transition:leave-start="opacity-100"\n
        x-transition:leave-end="opacity-0"\n
    >[39m[31m\n
        [39m[31m<div class="absolute inset-0 bg-gray-500 opacity-75">[39m[31m</div>[39m[31m\n
    [39m[31m</div>[39m[31m\n
\n
    [39m[31m<div\n
        x-show="show"\n
        class="mb-6 bg-white rounded-lg overflow-hidden shadow-xl transform transition-all sm:w-full sm:max-w-md sm:mx-auto"\n
        x-transition:enter="ease-out duration-300"\n
        x-transition:enter-start="opacity-0 translate-y-4 sm:translate-y-0 sm:scale-95"\n
        x-transition:enter-end="opacity-100 translate-y-0 sm:scale-100"\n
        x-transition:leave="ease-in duration-200"\n
        x-transition:leave-start="opacity-100 translate-y-0 sm:scale-100"\n
        x-transition:leave-end="opacity-0 translate-y-4 sm:translate-y-0 sm:scale-95"\n
    >[39m[31m\n
        [39m[31m<div class="p-6">[39m[31m\n
            [39m[31m<div class="flex justify-between items-center mb-6">[39m[31m\n
                [39m[31m<h2 class="text-xl font-bold text-gray-900">[39m[31mTambah Tipe Pelabuhan[39m[31m</h2>[39m[31m\n
                [39m[31m<button x-on:click="$dispatch('close-modal', 'tambah-tipe-modal')" class="text-gray-400 hover:text-gray-600">[39m[31m\n
                    [39m[31m<svg class="w-6 h-6" fill="none" stroke="currentColor" viewBox="0 0 24 24">[39m[31m\n
                        [39m[31m<path stroke-linecap="round" stroke-linejoin="round" stroke-width="2" d="M6 18L18 6M6 6l12 12"/>[39m[31m\n
                    [39m[31m</svg>[39m[31m\n
                [39m[31m</button>[39m[31m\n
            [39m[31m</div>[39m[31m\n
\n
            [39m[31m<form action="https://silapor-upp-jampea.test/master/tipe-pelabuhan" method="POST">[39m[31m\n
                [39m[31m<input type="hidden" name="_token" value="2DAXs5xfVrhTQm1PtGtATKycJm580t5aWwSL9xxV" autocomplete="off">[39m[31m\n
                [39m[31m<div class="space-y-4">[39m[31m\n
                    <!-- Nama Tipe -->\n
                    [39m[31m<div>[39m[31m\n
                        [39m[31m<label for="nama" class="block text-sm font-medium text-gray-700 mb-1">[39m[31m\n
                            Nama Tipe [39m[31m<span class="text-red-500">[39m[31m*[39m[31m</span>[39m[31m\n
                        [39m[31m</label>[39m[31m\n
                        [39m[31m<input type="text"\n
                               name="nama"\n
                               id="nama"\n
                               value=""\n
                               required\n
                               maxlength="50"\n
                               placeholder="Contoh: UPP, POSKER..."\n
                               class="w-full px-3 py-1.5 text-sm border border-gray-300 rounded-md focus:ring-2 focus:ring-blue-500 ">[39m[31m\n
                                            [39m[31m</div>[39m[31m\n
\n
                    <!-- Keterangan -->\n
                    [39m[31m<div>[39m[31m\n
                        [39m[31m<label for="keterangan" class="block text-sm font-medium text-gray-700 mb-1">[39m[31m\n
                            Keterangan\n
                        [39m[31m</label>[39m[31m\n
                        [39m[31m<textarea\n
                               name="keterangan"\n
                               id="keterangan"\n
                               rows="3"\n
                               maxlength="255"\n
                               placeholder="Deskripsi..."\n
                               class="w-full px-3 py-1.5 text-sm border border-gray-300 rounded-md focus:ring-2 focus:ring-blue-500 ">[39m[31m</textarea>[39m[31m\n
                    [39m[31m</div>[39m[31m\n
                [39m[31m</div>[39m[31m\n
\n
                <!-- Actions -->\n
                [39m[31m<div class="mt-6 flex justify-end gap-3">[39m[31m\n
                    [39m[31m<button type="button" x-on:click="$dispatch('close-modal', 'tambah-tipe-modal')" class="px-4 py-2 text-xs font-medium bg-gray-200 text-gray-700 rounded-md hover:bg-gray-300 transition-all">[39m[31m\n
                        Batal\n
                    [39m[31m</button>[39m[31m\n
                    [39m[31m<button type="submit" class="px-4 py-2 text-xs font-medium bg-blue-600 text-white rounded-md hover:bg-blue-700 transition-all">[39m[31m\n
                        Simpan\n
                    [39m[31m</button>[39m[31m\n
                [39m[31m</div>[39m[31m\n
            [39m[31m</form>[39m[31m\n
        [39m[31m</div>[39m[31m\n
    [39m[31m</div>[39m[31m\n
[39m[31m</div>[39m[31m\n
\n
    <!-- Modal Edit Tipe -->\n
    [39m[31m<div\n
    x-data="{\n
        show: false,\n
        closeable: false,\n
        focusables() {\n
            // All focusable element types...\n
            let selector = 'a, button, input:not([type=\'hidden\']), textarea, select, details, [tabindex]:not([tabindex=\'-1\'])'\n
            return [...$el.querySelectorAll(selector)]\n
                // All non-disabled elements...\n
                .filter(el =>[39m[31m ! el.hasAttribute('disabled'))\n
        },\n
        firstFocusable() { return this.focusables()[0] },\n
        lastFocusable() { return this.focusables().slice(-1)[0] },\n
        nextFocusable() { return this.focusables()[this.nextFocusableIndex()] || this.firstFocusable() },\n
        prevFocusable() { return this.focusables()[this.prevFocusableIndex()] || this.lastFocusable() },\n
        nextFocusableIndex() { return (this.focusables().indexOf(document.activeElement) + 1) % (this.focusables().length + 1) },\n
        prevFocusableIndex() { return Math.max(0, this.focusables().indexOf(document.activeElement)) -1 },\n
        close() {\n
            if (this.closeable) {\n
                this.show = false\n
            }\n
        }\n
    }"\n
    x-init="$watch('show', value => {\n
        if (value) {\n
            document.body.classList.add('overflow-y-hidden');\n
            \n
        } else {\n
            document.body.classList.remove('overflow-y-hidden');\n
        }\n
    })"\n
    x-on:open-modal.window="$event.detail == 'edit-tipe-pelabuhan-modal' ? show = true : null"\n
    x-on:close-modal.window="$event.detail == 'edit-tipe-pelabuhan-modal' ? show = false : null"\n
    x-on:close.stop="close()"\n
    x-on:keydown.escape.window="close()"\n
    x-on:keydown.tab.prevent="$event.shiftKey || nextFocusable().focus()"\n
    x-on:keydown.shift.tab.prevent="prevFocusable().focus()"\n
    x-show="show"\n
    class="fixed inset-0 overflow-y-auto px-4 py-6 sm:px-0 z-[10000]"\n
    style="display: none;"\n
>\n
    [39m[31m<div\n
        x-show="show"\n
        class="fixed inset-0 transform transition-all"\n
        x-on:click="close()"\n
        x-transition:enter="ease-out duration-300"\n
        x-transition:enter-start="opacity-0"\n
        x-transition:enter-end="opacity-100"\n
        x-transition:leave="ease-in duration-200"\n
        x-transition:leave-start="opacity-100"\n
        x-transition:leave-end="opacity-0"\n
    >[39m[31m\n
        [39m[31m<div class="absolute inset-0 bg-gray-500 opacity-75">[39m[31m</div>[39m[31m\n
    [39m[31m</div>[39m[31m\n
\n
    [39m[31m<div\n
        x-show="show"\n
        class="mb-6 bg-white rounded-lg overflow-hidden shadow-xl transform transition-all sm:w-full sm:max-w-md sm:mx-auto"\n
        x-transition:enter="ease-out duration-300"\n
        x-transition:enter-start="opacity-0 translate-y-4 sm:translate-y-0 sm:scale-95"\n
        x-transition:enter-end="opacity-100 translate-y-0 sm:scale-100"\n
        x-transition:leave="ease-in duration-200"\n
        x-transition:leave-start="opacity-100 translate-y-0 sm:scale-100"\n
        x-transition:leave-end="opacity-0 translate-y-4 sm:translate-y-0 sm:scale-95"\n
    >[39m[31m\n
        [39m[31m<div class="p-6">[39m[31m\n
            [39m[31m<div class="flex justify-between items-center mb-6">[39m[31m\n
                [39m[31m<h2 class="text-xl font-bold text-gray-900">[39m[31mEdit Tipe[39m[31m</h2>[39m[31m\n
                [39m[31m<button x-on:click="$dispatch('close-modal', 'edit-tipe-pelabuhan-modal')" class="text-gray-400 hover:text-gray-600">[39m[31m\n
                    [39m[31m<svg class="w-6 h-6" fill="none" stroke="currentColor" viewBox="0 0 24 24">[39m[31m\n
                        [39m[31m<path stroke-linecap="round" stroke-linejoin="round" stroke-width="2" d="M6 18L18 6M6 6l12 12"/>[39m[31m\n
                    [39m[31m</svg>[39m[31m\n
                [39m[31m</button>[39m[31m\n
            [39m[31m</div>[39m[31m\n
\n
            [39m[31m<form :action="editAction" method="POST">[39m[31m\n
                [39m[31m<input type="hidden" name="_token" value="2DAXs5xfVrhTQm1PtGtATKycJm580t5aWwSL9xxV" autocomplete="off">[39m[31m                [39m[31m<input type="hidden" name="_method" value="PUT">[39m[31m\n
                [39m[31m<div class="space-y-4">[39m[31m\n
                    <!-- Nama Tipe -->\n
                    [39m[31m<div>[39m[31m\n
                        [39m[31m<label for="edit_nama" class="block text-sm font-medium text-gray-700 mb-1">[39m[31m\n
                            Nama Tipe [39m[31m<span class="text-red-500">[39m[31m*[39m[31m</span>[39m[31m\n
                        [39m[31m</label>[39m[31m\n
                        [39m[31m<input type="text"\n
                               name="nama"\n
                               id="edit_nama"\n
                               x-model="editData.nama"\n
                               required\n
                               maxlength="50"\n
                               class="w-full px-3 py-1.5 text-sm border border-gray-300 rounded-md focus:ring-2 focus:ring-blue-500">[39m[31m\n
                    [39m[31m</div>[39m[31m\n
\n
                    <!-- Keterangan -->\n
                    [39m[31m<div>[39m[31m\n
                        [39m[31m<label for="edit_keterangan" class="block text-sm font-medium text-gray-700 mb-1">[39m[31m\n
                            Keterangan\n
                        [39m[31m</label>[39m[31m\n
                        [39m[31m<textarea\n
                               name="keterangan"\n
                               id="edit_keterangan"\n
                               x-model="editData.keterangan"\n
                               rows="3"\n
                               maxlength="255"\n
                               class="w-full px-3 py-1.5 text-sm border border-gray-300 rounded-md focus:ring-2 focus:ring-blue-500">[39m[31m</textarea>[39m[31m\n
                    [39m[31m</div>[39m[31m\n
                [39m[31m</div>[39m[31m\n
\n
                <!-- Actions -->\n
                [39m[31m<div class="mt-6 flex justify-end gap-3">[39m[31m\n
                    [39m[31m<button type="button" x-on:click="$dispatch('close-modal', 'edit-tipe-pelabuhan-modal')" class="px-4 py-2 text-xs font-medium bg-gray-200 text-gray-700 rounded-md hover:bg-gray-300 transition-all">[39m[31m\n
                        Batal\n
                    [39m[31m</button>[39m[31m\n
                    [39m[31m<button type="submit" class="px-4 py-2 text-xs font-medium bg-blue-600 text-white rounded-md hover:bg-blue-700 transition-all">[39m[31m\n
                        Update\n
                    [39m[31m</button>[39m[31m\n
                [39m[31m</div>[39m[31m\n
            [39m[31m</form>[39m[31m\n
        [39m[31m</div>[39m[31m\n
    [39m[31m</div>[39m[31m\n
[39m[31m</div>[39m[31m\n
[39m[31m</div>[39m[31m\n
            [39m[31m</main>[39m[31m\n
        [39m[31m</div>[39m[31m\n
\n
        <!-- Loading Screen -->\n
        [39m[31m<div id="global-loader" \n
     class="fixed inset-0 z-[9999] flex flex-col items-center justify-center bg-white/80 backdrop-blur-md transition-opacity duration-500 opacity-0 pointer-events-none"\n
     style="display: none;">[39m[31m\n
    [39m[31m<div class="relative flex flex-col items-center">[39m[31m\n
        <!-- Pulse ring animation -->\n
        [39m[31m<div class="absolute inset-0 rounded-full bg-blue-500/20 animate-ping scale-150">[39m[31m</div>[39m[31m\n
        \n
        <!-- App Logo with Pulse -->\n
        [39m[31m<div class="relative animate-bounce-slow">[39m[31m\n
            [39m[31m<img src="https://silapor-upp-jampea.test/icon.png" alt="SAPOJAM Logo" class="h-24 w-24 object-contain drop-shadow-2xl">[39m[31m\n
        [39m[31m</div>[39m[31m\n
\n
        <!-- Dynamic Loading Text -->\n
        [39m[31m<div class="mt-8 text-center">[39m[31m\n
            [39m[31m<h3 class="text-xl font-bold text-gray-800 tracking-wide animate-pulse">[39m[31m\n
                SAPOJAM\n
            [39m[31m</h3>[39m[31m\n
            [39m[31m<p id="loader-message" class="mt-2 text-gray-500 font-medium italic transition-all duration-300 min-h-[1.5rem]">[39m[31m\n
                Menyiapkan data untuk Anda...\n
            [39m[31m</p>[39m[31m\n
        [39m[31m</div>[39m[31m\n
\n
        <!-- Modern Loading Bar -->\n
        [39m[31m<div class="mt-6 w-48 h-1.5 bg-gray-200 rounded-full overflow-hidden">[39m[31m\n
            [39m[31m<div class="h-full bg-gradient-to-r from-blue-500 to-indigo-600 animate-loading-bar origin-left">[39m[31m</div>[39m[31m\n
        [39m[31m</div>[39m[31m\n
    [39m[31m</div>[39m[31m\n
[39m[31m</div>[39m[31m\n
\n
[39m[31m<style>[39m[31m\n
    @keyframes bounce-slow {\n
        0%, 100% { transform: translateY(-5%); animation-timing-function: cubic-bezier(0.8, 0, 1, 1); }\n
        50% { transform: translateY(0); animation-timing-function: cubic-bezier(0, 0, 0.2, 1); }\n
    }\n
    .animate-bounce-slow {\n
        animation: bounce-slow 2s infinite;\n
    }\n
    @keyframes loading-bar {\n
        0% { transform: scaleX(0); }\n
        50% { transform: scaleX(0.7); }\n
        100% { transform: scaleX(1); }\n
    }\n
    .animate-loading-bar {\n
        animation: loading-bar 2s infinite ease-in-out;\n
    }\n
    #global-loader.show {\n
        opacity: 1;\n
        pointer-events: auto;\n
        display: flex !important;\n
    }\n
[39m[31m</style>[39m[31m\n
\n
[39m[31m<script>[39m[31m\n
    document.addEventListener('DOMContentLoaded', function() {\n
        const loader = document.getElementById('global-loader');\n
        const messageEl = document.getElementById('loader-message');\n
        \n
        const messages = [\n
            "Menghubungkan ke pelabuhan...",\n
            "Memvalidasi manifes kapal...",\n
            "Sinkronisasi data SAPOJAM...",\n
            "Menyiapkan laporan navigasi...",\n
            "Mengoptimalkan rute layar...",\n
            "Memuat informasi nakhoda...",\n
            "Pengecekan keamanan sistem...",\n
            "Hampir sampai di tujuan...",\n
            "Sesaat lagi..."\n
        ];\n
\n
        let messageInterval;\n
\n
        window.showLoader = function() {\n
            if (loader.classList.contains('show')) return;\n
            \n
            loader.classList.add('show');\n
            \n
            // Random initial message\n
            messageEl.innerText = messages[Math.floor(Math.random() * messages.length)];\n
            \n
            // Cycle messages\n
            messageInterval = setInterval(() => {\n
                messageEl.style.opacity = '0';\n
                setTimeout(() => {\n
                    messageEl.innerText = messages[Math.floor(Math.random() * messages.length)];\n
                    messageEl.style.opacity = '1';\n
                }, 300);\n
            }, 3000);\n
        };\n
\n
        window.hideLoader = function() {\n
            loader.classList.remove('show');\n
            clearInterval(messageInterval);\n
        };\n
\n
        // Page visibility / transition handling\n
        window.addEventListener('beforeunload', function() {\n
            showLoader();\n
        });\n
\n
        // Hide if page is loaded from cache (back button)\n
        window.addEventListener('pageshow', function(event) {\n
            if (event.persisted) {\n
                hideLoader();\n
            }\n
        });\n
\n
        // AJAX Interceptors (Axios)\n
        if (window.axios) {\n
            window.axios.interceptors.request.use(config => {\n
                // Don't show for background/silent requests if needed\n
                if (!config.silent) {\n
                    showLoader();\n
                }\n
                return config;\n
            }, error => {\n
                hideLoader();\n
                return Promise.reject(error);\n
            });\n
\n
            window.axios.interceptors.response.use(response => {\n
                hideLoader();\n
                return response;\n
            }, error => {\n
                hideLoader();\n
                return Promise.reject(error);\n
            });\n
        }\n
\n
        // Global AJAX Interceptors (jQuery)\n
        if (typeof jQuery !== 'undefined') {\n
            $(document).ajaxStart(function() { showLoader(); });\n
            $(document).ajaxStop(function() { hideLoader(); });\n
            $(document).ajaxError(function() { hideLoader(); });\n
        }\n
    });\n
[39m[31m</script>[39m[31m\n
\n
        <!-- Notification Handler -->\n
        \n
        [39m[31m<script>[39m[31m\n
            // Global Confirmation Handler\n
            window.confirmDelete = function(form, message = 'Yakin ingin menghapus data ini?') {\n
                Swal.fire({\n
                    title: 'Konfirmasi Hapus',\n
                    text: message,\n
                    icon: 'warning',\n
                    showCancelButton: true,\n
                    confirmButtonColor: '#d33',\n
                    cancelButtonColor: '#3085d6',\n
                    confirmButtonText: 'Ya, Hapus!',\n
                    cancelButtonText: 'Batal',\n
                    reverseButtons: true\n
                }).then((result) => {\n
                    if (result.isConfirmed) {\n
                        form.submit();\n
                    }\n
                });\n
            }\n
        [39m[31m</script>[39m[31m\n
\n
        <!-- Scripts Stack -->\n
        [39m[31m<script src="https://code.jquery.com/jquery-3.7.0.min.js">[39m[31m</script>[39m[31m\n
[39m[31m<script src="https://cdn.datatables.net/1.13.6/js/jquery.dataTables.min.js">[39m[31m</script>[39m[31m\n
[39m[31m<script src="https://cdn.datatables.net/responsive/2.5.0/js/dataTables.responsive.min.js">[39m[31m</script>[39m[31m\n
[39m[31m<script>[39m[31m\n
    let table;\n
    $(document).ready(function() {\n
        table = $('#tipe-pelabuhan-table').DataTable({\n
            processing: true,\n
            serverSide: true,\n
            searching: false,\n
            lengthChange: true,\n
            pageLength: 10,\n
            lengthMenu: [[10, 25, 50, 100], [10, 25, 50, 100]],\n
            ajax: {\n
                url: "https://silapor-upp-jampea.test/master/tipe-pelabuhan",\n
                data: function (d) {\n
                    d.search_custom = $('#search-input').val();\n
                }\n
            },\n
            dom: "<'flex flex-col'<'w-full overflow-visible't><'flex flex-col md:flex-row justify-between items-center p-4 gap-4'<'flex items-center gap-6'li>p>>",\n
            columns: [\n
                {data: 'DT_RowIndex', name: 'DT_RowIndex', orderable: false, searchable: false},\n
                {\n
                    data: 'nama',\n
                    name: 'nama',\n
                    render: function(data) {\n
                        return `[39m[31m<span class="px-3 py-1 text-sm font-semibold rounded-full bg-blue-100 text-blue-800">[39m[31m${data}[39m[31m</span>[39m[31m`;\n
                    }\n
                },\n
                {data: 'keterangan', name: 'keterangan'},\n
                {\n
                    data: 'pelabuhans_count',\n
                    name: 'pelabuhans_count',\n
                    render: function(data) {\n
                        return `[39m[31m<span class="px-2 py-1 bg-gray-100 rounded-full">[39m[31m${data} pelabuhan[39m[31m</span>[39m[31m`;\n
                    }\n
                },\n
                {data: 'action', name: 'action', orderable: false, searchable: false},\n
            ],\n
            language: {\n
                url: '//cdn.datatables.net/plug-ins/1.13.6/i18n/id.json'\n
            },\n
            responsive: true,\n
            autoWidth: false\n
        });\n
\n
        $('#filter-form').on('submit', function(e) {\n
            e.preventDefault();\n
            table.ajax.reload();\n
        });\n
\n
        $('#btn-cari').on('click', function() {\n
            table.ajax.reload();\n
        });\n
\n
        $('#btn-reset').on('click', function() {\n
            $('#filter-form')[0].reset();\n
            table.ajax.reload();\n
        });\n
\n
        $('#search-input').on('keydown', function(e) {\n
            if (e.key === 'Enter') {\n
                e.preventDefault();\n
                table.ajax.reload();\n
            }\n
        });\n
\n
        // Export edit function to window\n
        // Removed window.editTipePelabuhan as it is now event-based\n
    });\n
[39m[31m</script>[39m[31m\n
    [39m[31m</body>[39m[31m\n
[39m[31m</html>[39m[31m\n
[39m[39;1m

  To contain: [39;22m[32mWILKER-1710[39m

  at [32mtests\Feature\Master\TipePelabuhanControllerTest.php[39m:[32m36[39m
     32▕         $response->assertViewIs('master.tipe-pelabuhan.index');
     33▕         $response->assertViewHas('tipes');
     34▕ 
     35▕         foreach ($tipes as $tipe) {
  ➜  36▕             $response->assertSee($tipe->nama);
     37▕         }
     38▕     }
     39▕ 
     40▕     /** @test */

  [31m───────────────────[39m  
  [41;1m FAILED [49;22m [1mTests\Fe[22m…   
[39;1m  Expected: [39;22m[31m<!DOCTYPE html>\n
[39m[31m<html lang="en">[39m[31m\n
    [39m[31m<head>[39m[31m\n
        [39m[31m<meta charset="utf-8">[39m[31m\n
        [39m[31m<meta name="viewport" content="width=device-width, initial-scale=1">[39m[31m\n
        [39m[31m<meta name="csrf-token" content="5Tx5buXhHQ8zOFHNDqUhLRdCs0Z6SBTUFTilpV7t">[39m[31m\n
\n
        [39m[31m<title>[39m[31mMaster Tipe Pelabuhan - SAPOJAM[39m[31m</title>[39m[31m\n
\n
        <!-- Fonts -->\n
        [39m[31m<link rel="preconnect" href="https://fonts.bunny.net">[39m[31m\n
        [39m[31m<link href="https://fonts.bunny.net/css?family=figtree:400,500,600&display=swap" rel="stylesheet" />[39m[31m\n
\n
        <!-- Scripts -->\n
        [39m[31m<script type="module" src="https://silapor-upp-jampea.test:5173/@vite/client">[39m[31m</script>[39m[31m<link rel="stylesheet" href="https://silapor-upp-jampea.test:5173/resources/css/app.css" />[39m[31m<script type="module" src="https://silapor-upp-jampea.test:5173/resources/js/app.js">[39m[31m</script>[39m[31m\n
        <!-- Styles Stack -->\n
        [39m[31m<link rel="stylesheet" href="https://cdn.datatables.net/1.13.6/css/jquery.dataTables.min.css">[39m[31m\n
[39m[31m<link rel="stylesheet" href="https://cdn.datatables.net/responsive/2.5.0/css/responsive.dataTables.min.css">[39m[31m\n
[39m[31m<style>[39m[31m\n
    /* DataTables Custom Styling */\n
    #tipe-pelabuhan-table_wrapper .dataTables_filter {\n
        display: none;\n
    }\n
\n
    #tipe-pelabuhan-table_wrapper .dataTables_length {\n
        display: block;\n
    }\n
\n
    #tipe-pelabuhan-table_wrapper .dataTables_length label {\n
        display: flex;\n
        align-items: center;\n
        gap: 0.5rem;\n
        font-size: 0.875rem;\n
        color: #6b7280;\n
    }\n
\n
    #tipe-pelabuhan-table_wrapper .dataTables_length select {\n
        padding: 0.375rem 1.75rem 0.375rem 0.75rem !important;\n
        font-size: 0.75rem !important;\n
        line-height: 1.25rem !important;\n
        color: #374151 !important;\n
        background-color: #fff !important;\n
        border: 1px solid #e5e7eb !important;\n
        border-radius: 0.5rem !important;\n
        appearance: none !important;\n
        background-image: url("data:image/svg+xml,%3csvg xmlns='http://www.w3.org/2000/svg' fill='none' viewBox='0 0 20 20'%3e%3cpath stroke='%236b7280' stroke-linecap='round' stroke-linejoin='round' stroke-width='1.5' d='M6 8l4 4 4-4'/%3e%3c/svg%3e") !important;\n
        background-position: right 0.5rem center !important;\n
        background-repeat: no-repeat !important;\n
        background-size: 1.5em 1.5em !important;\n
        cursor: pointer;\n
    }\n
\n
    #tipe-pelabuhan-table_wrapper .dataTables_length select:focus {\n
        outline: none !important;\n
        border-color: #3b82f6 !important;\n
        ring: 2px !important;\n
        ring-color: #3b82f6 !important;\n
    }\n
\n
    table.dataTable.no-footer {\n
        border-bottom: 1px solid #e5e7eb !important;\n
    }\n
\n
    #tipe-pelabuhan-table thead th {\n
        background-color: #f9fafb;\n
        color: #374151;\n
        text-transform: uppercase;\n
        font-size: 0.7rem;\n
        letter-spacing: 0.05em;\n
        font-weight: 600;\n
        padding: 0.5rem 1rem;\n
        border-bottom: 1px solid #e5e7eb;\n
    }\n
\n
    #tipe-pelabuhan-table tbody td {\n
        padding: 0.5rem 1rem;\n
        vertical-align: middle;\n
        border-bottom: 1px solid #f3f4f6;\n
        font-size: 0.75rem;\n
    }\n
\n
    #tipe-pelabuhan-table tbody tr:hover {\n
        background-color: #eff6ff !important;\n
        transition: background-color 0.2s;\n
    }\n
\n
    /* Custom Pagination Styling */\n
    .dataTables_wrapper .dataTables_info {\n
        padding-top: 1.5rem !important;\n
        color: #6b7280 !important;\n
        font-size: 0.875rem !important;\n
    }\n
\n
    .dataTables_wrapper .dataTables_paginate {\n
        padding-top: 1.5rem !important;\n
    }\n
\n
    .dataTables_wrapper .dataTables_paginate .paginate_button {\n
        border-radius: 0.5rem !important;\n
        border: 1px solid #e5e7eb !important;\n
        background: white !important;\n
        color: #374151 !important;\n
        padding: 0.4rem 0.8rem !important;\n
        margin-left: 0.25rem !important;\n
        font-size: 0.875rem !important;\n
    }\n
\n
    .dataTables_wrapper .dataTables_paginate .paginate_button.current,\n
    .dataTables_wrapper .dataTables_paginate .paginate_button.current:hover {\n
        background: #2563eb !important;\n
        color: white !important;\n
        border-color: #2563eb !important;\n
    }\n
\n
    .dataTables_wrapper .dataTables_paginate .paginate_button:hover {\n
        background: #f3f4f6 !important;\n
        color: #2563eb !important;\n
        border-color: #d1d5db !important;\n
    }\n
\n
    .dataTables_wrapper .dataTables_paginate .paginate_button.disabled,\n
    .dataTables_wrapper .dataTables_paginate .paginate_button.disabled:hover {\n
        background: #f9fafb !important;\n
        color: #9ca3af !important;\n
        cursor: not-allowed !important;\n
    }\n
[39m[31m</style>[39m[31m\n
\n
        <!-- Favicon -->\n
        [39m[31m<link rel="icon" type="image/png" href="https://silapor-upp-jampea.test/icon.png">[39m[31m\n
\n
        <!-- SweetAlert2 -->\n
        [39m[31m<link rel="stylesheet" href="https://cdn.jsdelivr.net/npm/sweetalert2@11/dist/sweetalert2.min.css">[39m[31m\n
        [39m[31m<script src="https://cdn.jsdelivr.net/npm/sweetalert2@11">[39m[31m</script>[39m[31m\n
        \n
        [39m[31m<style>[39m[31m\n
            .swal2-popup {\n
                font-family: 'Figtree', sans-serif !important;\n
                border-radius: 1rem !important;\n
            }\n
            .swal2-title {\n
                font-weight: 700 !important;\n
            }\n
            /* Row Stacking Fix for Dropdown Menus */\n
            .dataTables_wrapper table tbody tr {\n
                position: relative;\n
                z-index: 1;\n
            }\n
            .dataTables_wrapper table tbody tr:hover,\n
            .dataTables_wrapper table tbody tr:focus-within {\n
                z-index: 100 !important;\n
                position: relative !important;\n
            }\n
        [39m[31m</style>[39m[31m\n
    [39m[31m</head>[39m[31m\n
    [39m[31m<body class="font-sans antialiased bg-gray-100"\n
          x-data="{\n
              sidebarOpen: window.innerWidth >[39m[31m= 1024,\n
              isMobile: window.innerWidth < 1024,\n
              init() {\n
                  window.addEventListener('resize', () => {\n
                      const wasMobile = this.isMobile;\n
                      this.isMobile = window.innerWidth < 1024;\n
                      if (!this.isMobile && wasMobile) {\n
                          this.sidebarOpen = true;\n
                      }\n
                  });\n
              }\n
          }">\n
        <!-- Mobile Overlay -->\n
        [39m[31m<div x-show="sidebarOpen && isMobile"\n
             @click="sidebarOpen = false"\n
             x-transition:enter="transition-opacity ease-linear duration-300"\n
             x-transition:enter-start="opacity-0"\n
             x-transition:enter-end="opacity-100"\n
             x-transition:leave="transition-opacity ease-linear duration-300"\n
             x-transition:leave-start="opacity-100"\n
             x-transition:leave-end="opacity-0"\n
             class="fixed inset-0 z-30 bg-gray-900 bg-opacity-50"\n
             style="display: none;">[39m[31m</div>[39m[31m\n
\n
        <!-- Sidebar -->\n
        [39m[31m<aside class="fixed top-0 left-0 z-40 w-64 h-screen transition-transform duration-300 bg-gray-800 text-white -translate-x-full"\n
       :class="{ 'translate-x-0': sidebarOpen }">[39m[31m\n
    [39m[31m<div class="h-full px-3 py-4 overflow-y-auto">[39m[31m\n
        <!-- Logo & Title -->\n
        [39m[31m<div class="flex items-center mb-5 p-2">[39m[31m\n
            [39m[31m<img src="https://silapor-upp-jampea.test/icon.png" class="w-8 h-8 mr-2" alt="Logo">[39m[31m\n
            [39m[31m<div>[39m[31m\n
                [39m[31m<h2 class="text-lg font-bold">[39m[31mSAPOJAM[39m[31m</h2>[39m[31m\n
                [39m[31m<p class="text-xs text-gray-400">[39m[31mSistem Administrasi Pelaporan Operasional Pelabuhan Jampea[39m[31m</p>[39m[31m\n
            [39m[31m</div>[39m[31m\n
        [39m[31m</div>[39m[31m\n
\n
        <!-- Navigation Menu -->\n
        [39m[31m<ul class="space-y-2 font-medium" id="sidebar-nav">[39m[31m\n
            <!-- Dashboard -->\n
            [39m[31m<li>[39m[31m\n
                [39m[31m<a href="https://silapor-upp-jampea.test/dashboard"\n
                   class="flex items-center p-2 rounded-lg hover:bg-gray-700 ">[39m[31m\n
                    [39m[31m<svg class="w-5 h-5 transition duration-75 text-gray-400 group-hover:text-white" fill="currentColor" viewBox="0 0 20 20">[39m[31m\n
                        [39m[31m<path d="M2 10a8 8 0 018-8v8h8a8 8 0 11-16 0z"/>[39m[31m\n
                        [39m[31m<path d="M12 2.252A8.014 8.014 0 0117.748 8H12V2.252z"/>[39m[31m\n
                    [39m[31m</svg>[39m[31m\n
                    [39m[31m<span class="ml-3">[39m[31mDashboard[39m[31m</span>[39m[31m\n
                [39m[31m</a>[39m[31m\n
            [39m[31m</li>[39m[31m\n
\n
            <!-- Input Kunjungan -->\n
            [39m[31m<li>[39m[31m\n
                [39m[31m<a href="https://silapor-upp-jampea.test/kunjungan"\n
                   class="flex items-center p-2 rounded-lg hover:bg-gray-700 ">[39m[31m\n
                    [39m[31m<svg class="w-5 h-5 text-gray-400 group-hover:text-white" fill="currentColor" viewBox="0 0 20 20">[39m[31m\n
                        [39m[31m<path d="M9 2a1 1 0 000 2h2a1 1 0 100-2H9z"/>[39m[31m\n
                        [39m[31m<path fill-rule="evenodd" d="M4 5a2 2 0 012-2 3 3 0 003 3h2a3 3 0 003-3 2 2 0 012 2v11a2 2 0 01-2 2H6a2 2 0 01-2-2V5zm9.707 5.707a1 1 0 00-1.414-1.414L9 12.586l-1.293-1.293a1 1 0 00-1.414 1.414l2 2a1 1 0 001.414 0l4-4z" clip-rule="evenodd"/>[39m[31m\n
                    [39m[31m</svg>[39m[31m\n
                    [39m[31m<span class="ml-3">[39m[31mInput Kunjungan[39m[31m</span>[39m[31m\n
                [39m[31m</a>[39m[31m\n
            [39m[31m</li>[39m[31m\n
\n
            <!-- Master Data -->\n
                        [39m[31m<li x-data="{ open: true }">[39m[31m\n
                [39m[31m<button type="button"\n
                        class="flex items-center w-full p-2 rounded-lg hover:bg-gray-700 group text-white"\n
                        @click="open = !open">[39m[31m\n
                    [39m[31m<svg class="w-5 h-5 text-gray-400 group-hover:text-white" fill="currentColor" viewBox="0 0 20 20">[39m[31m\n
                        [39m[31m<path d="M7 3a1 1 0 000 2h6a1 1 0 100-2H7zM4 7a1 1 0 011-1h10a1 1 0 110 2H5a1 1 0 01-1-1zM2 11a2 2 0 012-2h12a2 2 0 012 2v4a2 2 0 01-2 2H4a2 2 0 01-2-2v-4z"/>[39m[31m\n
                    [39m[31m</svg>[39m[31m\n
                    [39m[31m<span class="flex-1 ml-3 text-left whitespace-nowrap">[39m[31mMaster Data[39m[31m</span>[39m[31m\n
                    [39m[31m<svg class="w-3 h-3 transition-transform" fill="currentColor" viewBox="0 0 10 6" :class="{ 'rotate-180': open }">[39m[31m\n
                        [39m[31m<path fill-rule="evenodd" d="M1.646 1.646a.5.5 0 01.708 0L5 4.293l2.646-2.647a.5.5 0 01.708.708l-3 3a.5.5 0 01-.708 0l-3-3a.5.5 0 010-.708z"/>[39m[31m\n
                    [39m[31m</svg>[39m[31m\n
                [39m[31m</button>[39m[31m\n
                [39m[31m<ul x-show="open" x-collapse class="py-2 space-y-2">[39m[31m\n
                    [39m[31m<li>[39m[31m\n
                        [39m[31m<a href="https://silapor-upp-jampea.test/master/pelabuhan"\n
                           class="flex items-center w-full p-2 pl-11 rounded-lg hover:bg-gray-700 ">[39m[31m\n
                            Pelabuhan\n
                        [39m[31m</a>[39m[31m\n
                    [39m[31m</li>[39m[31m\n
                    [39m[31m<li>[39m[31m\n
                        [39m[31m<a href="https://silapor-upp-jampea.test/master/tipe-pelabuhan"\n
                           class="flex items-center w-full p-2 pl-11 rounded-lg hover:bg-gray-700 bg-gray-700">[39m[31m\n
                            Tipe Pelabuhan\n
                        [39m[31m</a>[39m[31m\n
                    [39m[31m</li>[39m[31m\n
                    [39m[31m<li>[39m[31m\n
                        [39m[31m<a href="https://silapor-upp-jampea.test/master/kapal"\n
                           class="flex items-center w-full p-2 pl-11 rounded-lg hover:bg-gray-700 ">[39m[31m\n
                            Kapal\n
                        [39m[31m</a>[39m[31m\n
                    [39m[31m</li>[39m[31m\n
                    [39m[31m<li>[39m[31m\n
                        [39m[31m<a href="https://silapor-upp-jampea.test/master/jenis-kapal"\n
                           class="flex items-center w-full p-2 pl-11 rounded-lg hover:bg-gray-700 ">[39m[31m\n
                            Jenis Kapal\n
                        [39m[31m</a>[39m[31m\n
                    [39m[31m</li>[39m[31m\n
                    [39m[31m<li>[39m[31m\n
                        [39m[31m<a href="https://silapor-upp-jampea.test/master/nakhoda"\n
                           class="flex items-center w-full p-2 pl-11 rounded-lg hover:bg-gray-700 ">[39m[31m\n
                            Nakhoda\n
                        [39m[31m</a>[39m[31m\n
                    [39m[31m</li>[39m[31m\n
                    [39m[31m<li>[39m[31m\n
                        [39m[31m<a href="https://silapor-upp-jampea.test/master/barang-b3"\n
                           class="flex items-center w-full p-2 pl-11 rounded-lg hover:bg-gray-700 ">[39m[31m\n
                            Barang B3\n
                        [39m[31m</a>[39m[31m\n
                    [39m[31m</li>[39m[31m\n
                [39m[31m</ul>[39m[31m\n
            [39m[31m</li>[39m[31m\n
\n
            <!-- Laporan -->\n
            [39m[31m<li x-data="{ open: false }">[39m[31m\n
                [39m[31m<button type="button"\n
                        class="flex items-center w-full p-2 rounded-lg hover:bg-gray-700 group"\n
                        @click="open = !open">[39m[31m\n
                    [39m[31m<svg class="w-5 h-5 text-gray-400 group-hover:text-white" fill="currentColor" viewBox="0 0 20 20">[39m[31m\n
                        [39m[31m<path fill-rule="evenodd" d="M6 2a2 2 0 00-2 2v12a2 2 0 002 2h8a2 2 0 002-2V7.414A2 2 0 0015.414 6L12 2.586A2 2 0 0010.586 2H6zm5 6a1 1 0 10-2 0v3.586l-1.293-1.293a1 1 0 10-1.414 1.414l3 3a1 1 0 001.414 0l3-3a1 1 0 00-1.414-1.414L11 11.586V8z" clip-rule="evenodd"/>[39m[31m\n
                    [39m[31m</svg>[39m[31m\n
                    [39m[31m<span class="flex-1 ml-3 text-left whitespace-nowrap">[39m[31mLaporan[39m[31m</span>[39m[31m\n
                    [39m[31m<svg class="w-3 h-3 transition-transform" fill="currentColor" viewBox="0 0 10 6" :class="{ 'rotate-180': open }">[39m[31m\n
                        [39m[31m<path fill-rule="evenodd" d="M1.646 1.646a.5.5 0 01.708 0L5 4.293l2.646-2.647a.5.5 0 01.708.708l-3 3a.5.5 0 01-.708 0l-3-3a.5.5 0 010-.708z"/>[39m[31m\n
                    [39m[31m</svg>[39m[31m\n
                [39m[31m</button>[39m[31m\n
                [39m[31m<ul x-show="open" x-collapse class="py-2 space-y-2">[39m[31m\n
                    [39m[31m<li>[39m[31m\n
                        [39m[31m<a href="#" class="flex items-center w-full p-2 pl-11 rounded-lg hover:bg-gray-700">[39m[31mPELRA[39m[31m</a>[39m[31m\n
                    [39m[31m</li>[39m[31m\n
                    [39m[31m<li>[39m[31m\n
                        [39m[31m<a href="#" class="flex items-center w-full p-2 pl-11 rounded-lg hover:bg-gray-700">[39m[31mPerintis[39m[31m</a>[39m[31m\n
                    [39m[31m</li>[39m[31m\n
                    [39m[31m<li>[39m[31m\n
                        [39m[31m<a href="#" class="flex items-center w-full p-2 pl-11 rounded-lg hover:bg-gray-700">[39m[31mFerry[39m[31m</a>[39m[31m\n
                    [39m[31m</li>[39m[31m\n
                    [39m[31m<li>[39m[31m\n
                        [39m[31m<a href="#" class="flex items-center w-full p-2 pl-11 rounded-lg hover:bg-gray-700">[39m[31mDalam Negeri[39m[31m</a>[39m[31m\n
                    [39m[31m</li>[39m[31m\n
                    [39m[31m<li>[39m[31m\n
                        [39m[31m<a href="#" class="flex items-center w-full p-2 pl-11 rounded-lg hover:bg-gray-700">[39m[31mLuar Negeri[39m[31m</a>[39m[31m\n
                    [39m[31m</li>[39m[31m\n
                    [39m[31m<li>[39m[31m\n
                        [39m[31m<a href="#" class="flex items-center w-full p-2 pl-11 rounded-lg hover:bg-gray-700">[39m[31mRekap SPB[39m[31m</a>[39m[31m\n
                    [39m[31m</li>[39m[31m\n
                    [39m[31m<li>[39m[31m\n
                        [39m[31m<a href="#" class="flex items-center w-full p-2 pl-11 rounded-lg hover:bg-gray-700">[39m[31mRekap Operasional[39m[31m</a>[39m[31m\n
                    [39m[31m</li>[39m[31m\n
                    [39m[31m<li>[39m[31m\n
                        [39m[31m<a href="#" class="flex items-center w-full p-2 pl-11 rounded-lg hover:bg-gray-700 text-green-400">[39m[31m\n
                            📥 Export Excel\n
                        [39m[31m</a>[39m[31m\n
                    [39m[31m</li>[39m[31m\n
                [39m[31m</ul>[39m[31m\n
            [39m[31m</li>[39m[31m\n
        [39m[31m</ul>[39m[31m\n
    [39m[31m</div>[39m[31m\n
\n
    [39m[31m<script>[39m[31m\n
        document.addEventListener('DOMContentLoaded', function() {\n
            const sidebar = document.querySelector('aside .overflow-y-auto');\n
\n
            // Restore scroll position\n
            const scrollPos = localStorage.getItem('sidebar-scroll-pos');\n
            if (scrollPos) {\n
                sidebar.scrollTop = scrollPos;\n
            }\n
\n
            // Save scroll position before reload\n
            window.addEventListener('beforeunload', function() {\n
                localStorage.setItem('sidebar-scroll-pos', sidebar.scrollTop);\n
            });\n
\n
            // Fallback: save on scroll for browsers that don't support beforeunload reliably\n
            let scrollTimeout;\n
            sidebar.addEventListener('scroll', function() {\n
                clearTimeout(scrollTimeout);\n
                scrollTimeout = setTimeout(() => {\n
                    localStorage.setItem('sidebar-scroll-pos', sidebar.scrollTop);\n
                }, 100);\n
            });\n
        });\n
    [39m[31m</script>[39m[31m\n
[39m[31m</aside>[39m[31m\n
\n
        <!-- Main Content Area -->\n
        [39m[31m<div class="min-h-screen transition-all duration-300"\n
             :class="{ 'lg:ml-64': sidebarOpen && !isMobile, 'ml-0': !sidebarOpen || isMobile }"\n
             id="main-content">[39m[31m\n
            <!-- Topbar -->\n
            [39m[31m<header class="bg-white shadow">[39m[31m\n
    [39m[31m<div class="py-4 px-4 sm:px-6 lg:px-8 flex justify-between items-center">[39m[31m\n
        <!-- Burger Menu & Page Title -->\n
        [39m[31m<div class="flex items-center space-x-3">[39m[31m\n
            <!-- Burger Menu Button -->\n
            [39m[31m<button @click="sidebarOpen = !sidebarOpen"\n
                    class="p-2 rounded-lg text-gray-600 hover:bg-gray-100 hover:text-gray-900 focus:outline-none focus:ring-2 focus:ring-gray-200 transition-colors">[39m[31m\n
                [39m[31m<svg class="w-6 h-6" fill="none" stroke="currentColor" viewBox="0 0 24 24">[39m[31m\n
                    [39m[31m<path stroke-linecap="round" stroke-linejoin="round" stroke-width="2" d="M4 6h16M4 12h16M4 18h16"/>[39m[31m\n
                [39m[31m</svg>[39m[31m\n
            [39m[31m</button>[39m[31m\n
            <!-- Page Title -->\n
            [39m[31m<h1 class="text-xl sm:text-2xl font-bold text-gray-800">[39m[31m\n
                Master Tipe Pelabuhan\n
            [39m[31m</h1>[39m[31m\n
        [39m[31m</div>[39m[31m\n
\n
        <!-- User Dropdown -->\n
        [39m[31m<div class="relative" x-data="{ open: false }">[39m[31m\n
            [39m[31m<button @click="open = !open"\n
                    class="flex items-center space-x-2 text-gray-700 hover:text-gray-900 focus:outline-none">[39m[31m\n
                [39m[31m<div class="w-8 h-8 bg-blue-600 rounded-full flex items-center justify-center text-white font-bold">[39m[31m\n
                    M\n
                [39m[31m</div>[39m[31m\n
                [39m[31m<span class="hidden sm:block">[39m[31mMs. Janie Olson I[39m[31m</span>[39m[31m\n
                [39m[31m<svg class="w-4 h-4" fill="currentColor" viewBox="0 0 20 20">[39m[31m\n
                    [39m[31m<path fill-rule="evenodd" d="M5.293 7.293a1 1 0 011.414 0L10 10.586l3.293-3.293a1 1 0 111.414 1.414l-4 4a1 1 0 01-1.414 0l-4-4a1 1 0 010-1.414z" clip-rule="evenodd"/>[39m[31m\n
                [39m[31m</svg>[39m[31m\n
            [39m[31m</button>[39m[31m\n
\n
            <!-- Dropdown Menu -->\n
            [39m[31m<div x-show="open"\n
                 @click.away="open = false"\n
                 x-transition:enter="transition ease-out duration-200"\n
                 x-transition:enter-start="transform opacity-0 scale-95"\n
                 x-transition:enter-end="transform opacity-100 scale-100"\n
                 x-transition:leave="transition ease-in duration-75"\n
                 x-transition:leave-start="transform opacity-100 scale-100"\n
                 x-transition:leave-end="transform opacity-0 scale-95"\n
                 class="absolute right-0 mt-2 w-48 bg-white rounded-md shadow-lg py-1 z-50"\n
                 style="display: none;">[39m[31m\n
\n
                [39m[31m<a href="https://silapor-upp-jampea.test/profile"\n
                   class="block px-4 py-2 text-sm text-gray-700 hover:bg-gray-100">[39m[31m\n
                    Profile\n
                [39m[31m</a>[39m[31m\n
\n
                [39m[31m<form method="POST" action="https://silapor-upp-jampea.test/logout">[39m[31m\n
                    [39m[31m<input type="hidden" name="_token" value="5Tx5buXhHQ8zOFHNDqUhLRdCs0Z6SBTUFTilpV7t" autocomplete="off">[39m[31m                    [39m[31m<button type="submit"\n
                            class="block w-full text-left px-4 py-2 text-sm text-gray-700 hover:bg-gray-100">[39m[31m\n
                        Logout\n
                    [39m[31m</button>[39m[31m\n
                [39m[31m</form>[39m[31m\n
            [39m[31m</div>[39m[31m\n
        [39m[31m</div>[39m[31m\n
    [39m[31m</div>[39m[31m\n
[39m[31m</header>[39m[31m\n
\n
            <!-- Page Content -->\n
            [39m[31m<main class="p-6">[39m[31m\n
                [39m[31m<div class="space-y-6" x-data="{\n
    editData: {},\n
    editAction: '',\n
    editTipePelabuhan(tipe) {\n
        this.editData = { ...tipe };\n
        this.editAction = 'https://silapor-upp-jampea.test/master/tipe-pelabuhan/' + tipe.id;\n
        $dispatch('open-modal', 'edit-tipe-pelabuhan-modal');\n
    }\n
}" @edit-tipe-pelabuhan.window="editTipePelabuhan($event.detail)">[39m[31m\n
    <!-- Search, Filter & Action Card -->\n
    [39m[31m<div class="bg-white p-4 rounded-xl shadow-sm border border-gray-100 mb-6 flex flex-col md:flex-row justify-between items-center gap-4">[39m[31m\n
        [39m[31m<form id="filter-form" class="flex flex-col md:flex-row gap-3 w-full md:w-auto flex-1">[39m[31m\n
            [39m[31m<div class="w-full md:w-72">[39m[31m\n
                [39m[31m<input type="text" id="search-input" placeholder="Cari nama atau keterangan..."\n
                       class="w-full px-3 py-1.5 text-sm border border-gray-300 rounded-md focus:ring-2 focus:ring-blue-500 focus:border-blue-500">[39m[31m\n
            [39m[31m</div>[39m[31m\n
            [39m[31m<div class="w-full md:w-48 relative z-50">[39m[31m\n
                [39m[31m<select id="status-filter" class="searchable-select w-full px-3 py-1.5 text-sm border border-gray-300 rounded-md focus:ring-2 focus:ring-blue-500 focus:border-blue-500">[39m[31m\n
                    [39m[31m<option value="">[39m[31mSemua Status[39m[31m</option>[39m[31m\n
                    [39m[31m<option value="active">[39m[31mAktif[39m[31m</option>[39m[31m\n
                    [39m[31m<option value="inactive">[39m[31mTidak Aktif[39m[31m</option>[39m[31m\n
                [39m[31m</select>[39m[31m\n
            [39m[31m</div>[39m[31m\n
            [39m[31m<div class="flex w-full md:w-auto">[39m[31m\n
                [39m[31m<div class="inline-flex shadow-sm rounded-md" role="group">[39m[31m\n
                    [39m[31m<button type="button" id="btn-cari" class="px-4 py-1.5 text-sm font-medium text-white bg-blue-600 border border-blue-600 rounded-l-md hover:bg-blue-700 focus:z-10 focus:ring-2 focus:ring-blue-500 transition-all">[39m[31m\n
                        Cari\n
                    [39m[31m</button>[39m[31m\n
                    [39m[31m<button type="button" id="btn-reset" class="px-4 py-1.5 text-sm font-medium text-gray-700 bg-white border border-gray-300 rounded-r-md hover:bg-gray-50 focus:z-10 focus:ring-2 focus:ring-blue-500 transition-all">[39m[31m\n
                        Reset\n
                    [39m[31m</button>[39m[31m\n
                [39m[31m</div>[39m[31m\n
            [39m[31m</div>[39m[31m\n
        [39m[31m</form>[39m[31m\n
\n
        [39m[31m<div class="w-full md:w-auto border-t md:border-t-0 md:border-l border-gray-200 pt-4 md:pt-0 md:pl-4 flex justify-end">[39m[31m\n
            [39m[31m<button x-on:click="$dispatch('open-modal', 'tambah-tipe-modal')" class="px-4 py-1.5 bg-blue-600 text-white text-sm font-medium rounded-md hover:bg-blue-700 transition-all flex items-center gap-2">[39m[31m\n
                [39m[31m<svg class="w-4 h-4" fill="none" stroke="currentColor" viewBox="0 0 24 24">[39m[31m<path stroke-linecap="round" stroke-linejoin="round" stroke-width="2" d="M12 4v16m8-8H4"/>[39m[31m</svg>[39m[31m\n
                Tambah Tipe\n
            [39m[31m</button>[39m[31m\n
        [39m[31m</div>[39m[31m\n
    [39m[31m</div>[39m[31m\n
\n
    <!-- Success/Error Alert -->\n
    \n
    \n
    <!-- Data Table -->\n
    [39m[31m<div class="bg-white rounded-xl shadow-sm border border-gray-100 overflow-visible">[39m[31m\n
        [39m[31m<div class="overflow-visible">[39m[31m\n
            [39m[31m<table id="tipe-pelabuhan-table" class="min-w-full divide-y divide-gray-200">[39m[31m\n
                [39m[31m<thead>[39m[31m\n
                    [39m[31m<tr>[39m[31m\n
                        [39m[31m<th>[39m[31mNo[39m[31m</th>[39m[31m\n
                        [39m[31m<th>[39m[31mNama Tipe[39m[31m</th>[39m[31m\n
                        [39m[31m<th>[39m[31mKeterangan[39m[31m</th>[39m[31m\n
                        [39m[31m<th>[39m[31mJumlah Pelabuhan[39m[31m</th>[39m[31m\n
                        [39m[31m<th class="text-center">[39m[31mAksi[39m[31m</th>[39m[31m\n
                    [39m[31m</tr>[39m[31m\n
                [39m[31m</thead>[39m[31m\n
                [39m[31m<tbody class="bg-white">[39m[31m\n
                    <!-- DataTables will fill this -->\n
                [39m[31m</tbody>[39m[31m\n
            [39m[31m</table>[39m[31m\n
        [39m[31m</div>[39m[31m\n
    [39m[31m</div>[39m[31m\n
\n
\n
    <!-- Modal Tambah Tipe -->\n
    [39m[31m<div\n
    x-data="{\n
        show: false,\n
        closeable: false,\n
        focusables() {\n
            // All focusable element types...\n
            let selector = 'a, button, input:not([type=\'hidden\']), textarea, select, details, [tabindex]:not([tabindex=\'-1\'])'\n
            return [...$el.querySelectorAll(selector)]\n
                // All non-disabled elements...\n
                .filter(el =>[39m[31m ! el.hasAttribute('disabled'))\n
        },\n
        firstFocusable() { return this.focusables()[0] },\n
        lastFocusable() { return this.focusables().slice(-1)[0] },\n
        nextFocusable() { return this.focusables()[this.nextFocusableIndex()] || this.firstFocusable() },\n
        prevFocusable() { return this.focusables()[this.prevFocusableIndex()] || this.lastFocusable() },\n
        nextFocusableIndex() { return (this.focusables().indexOf(document.activeElement) + 1) % (this.focusables().length + 1) },\n
        prevFocusableIndex() { return Math.max(0, this.focusables().indexOf(document.activeElement)) -1 },\n
        close() {\n
            if (this.closeable) {\n
                this.show = false\n
            }\n
        }\n
    }"\n
    x-init="$watch('show', value => {\n
        if (value) {\n
            document.body.classList.add('overflow-y-hidden');\n
            \n
        } else {\n
            document.body.classList.remove('overflow-y-hidden');\n
        }\n
    })"\n
    x-on:open-modal.window="$event.detail == 'tambah-tipe-modal' ? show = true : null"\n
    x-on:close-modal.window="$event.detail == 'tambah-tipe-modal' ? show = false : null"\n
    x-on:close.stop="close()"\n
    x-on:keydown.escape.window="close()"\n
    x-on:keydown.tab.prevent="$event.shiftKey || nextFocusable().focus()"\n
    x-on:keydown.shift.tab.prevent="prevFocusable().focus()"\n
    x-show="show"\n
    class="fixed inset-0 overflow-y-auto px-4 py-6 sm:px-0 z-[10000]"\n
    style="display: none;"\n
>\n
    [39m[31m<div\n
        x-show="show"\n
        class="fixed inset-0 transform transition-all"\n
        x-on:click="close()"\n
        x-transition:enter="ease-out duration-300"\n
        x-transition:enter-start="opacity-0"\n
        x-transition:enter-end="opacity-100"\n
        x-transition:leave="ease-in duration-200"\n
        x-transition:leave-start="opacity-100"\n
        x-transition:leave-end="opacity-0"\n
    >[39m[31m\n
        [39m[31m<div class="absolute inset-0 bg-gray-500 opacity-75">[39m[31m</div>[39m[31m\n
    [39m[31m</div>[39m[31m\n
\n
    [39m[31m<div\n
        x-show="show"\n
        class="mb-6 bg-white rounded-lg overflow-hidden shadow-xl transform transition-all sm:w-full sm:max-w-md sm:mx-auto"\n
        x-transition:enter="ease-out duration-300"\n
        x-transition:enter-start="opacity-0 translate-y-4 sm:translate-y-0 sm:scale-95"\n
        x-transition:enter-end="opacity-100 translate-y-0 sm:scale-100"\n
        x-transition:leave="ease-in duration-200"\n
        x-transition:leave-start="opacity-100 translate-y-0 sm:scale-100"\n
        x-transition:leave-end="opacity-0 translate-y-4 sm:translate-y-0 sm:scale-95"\n
    >[39m[31m\n
        [39m[31m<div class="p-6">[39m[31m\n
            [39m[31m<div class="flex justify-between items-center mb-6">[39m[31m\n
                [39m[31m<h2 class="text-xl font-bold text-gray-900">[39m[31mTambah Tipe Pelabuhan[39m[31m</h2>[39m[31m\n
                [39m[31m<button x-on:click="$dispatch('close-modal', 'tambah-tipe-modal')" class="text-gray-400 hover:text-gray-600">[39m[31m\n
                    [39m[31m<svg class="w-6 h-6" fill="none" stroke="currentColor" viewBox="0 0 24 24">[39m[31m\n
                        [39m[31m<path stroke-linecap="round" stroke-linejoin="round" stroke-width="2" d="M6 18L18 6M6 6l12 12"/>[39m[31m\n
                    [39m[31m</svg>[39m[31m\n
                [39m[31m</button>[39m[31m\n
            [39m[31m</div>[39m[31m\n
\n
            [39m[31m<form action="https://silapor-upp-jampea.test/master/tipe-pelabuhan" method="POST">[39m[31m\n
                [39m[31m<input type="hidden" name="_token" value="5Tx5buXhHQ8zOFHNDqUhLRdCs0Z6SBTUFTilpV7t" autocomplete="off">[39m[31m\n
                [39m[31m<div class="space-y-4">[39m[31m\n
                    <!-- Nama Tipe -->\n
                    [39m[31m<div>[39m[31m\n
                        [39m[31m<label for="nama" class="block text-sm font-medium text-gray-700 mb-1">[39m[31m\n
                            Nama Tipe [39m[31m<span class="text-red-500">[39m[31m*[39m[31m</span>[39m[31m\n
                        [39m[31m</label>[39m[31m\n
                        [39m[31m<input type="text"\n
                               name="nama"\n
                               id="nama"\n
                               value=""\n
                               required\n
                               maxlength="50"\n
                               placeholder="Contoh: UPP, POSKER..."\n
                               class="w-full px-3 py-1.5 text-sm border border-gray-300 rounded-md focus:ring-2 focus:ring-blue-500 ">[39m[31m\n
                                            [39m[31m</div>[39m[31m\n
\n
                    <!-- Keterangan -->\n
                    [39m[31m<div>[39m[31m\n
                        [39m[31m<label for="keterangan" class="block text-sm font-medium text-gray-700 mb-1">[39m[31m\n
                            Keterangan\n
                        [39m[31m</label>[39m[31m\n
                        [39m[31m<textarea\n
                               name="keterangan"\n
                               id="keterangan"\n
                               rows="3"\n
                               maxlength="255"\n
                               placeholder="Deskripsi..."\n
                               class="w-full px-3 py-1.5 text-sm border border-gray-300 rounded-md focus:ring-2 focus:ring-blue-500 ">[39m[31m</textarea>[39m[31m\n
                    [39m[31m</div>[39m[31m\n
                [39m[31m</div>[39m[31m\n
\n
                <!-- Actions -->\n
                [39m[31m<div class="mt-6 flex justify-end gap-3">[39m[31m\n
                    [39m[31m<button type="button" x-on:click="$dispatch('close-modal', 'tambah-tipe-modal')" class="px-4 py-2 text-xs font-medium bg-gray-200 text-gray-700 rounded-md hover:bg-gray-300 transition-all">[39m[31m\n
                        Batal\n
                    [39m[31m</button>[39m[31m\n
                    [39m[31m<button type="submit" class="px-4 py-2 text-xs font-medium bg-blue-600 text-white rounded-md hover:bg-blue-700 transition-all">[39m[31m\n
                        Simpan\n
                    [39m[31m</button>[39m[31m\n
                [39m[31m</div>[39m[31m\n
            [39m[31m</form>[39m[31m\n
        [39m[31m</div>[39m[31m\n
    [39m[31m</div>[39m[31m\n
[39m[31m</div>[39m[31m\n
\n
    <!-- Modal Edit Tipe -->\n
    [39m[31m<div\n
    x-data="{\n
        show: false,\n
        closeable: false,\n
        focusables() {\n
            // All focusable element types...\n
            let selector = 'a, button, input:not([type=\'hidden\']), textarea, select, details, [tabindex]:not([tabindex=\'-1\'])'\n
            return [...$el.querySelectorAll(selector)]\n
                // All non-disabled elements...\n
                .filter(el =>[39m[31m ! el.hasAttribute('disabled'))\n
        },\n
        firstFocusable() { return this.focusables()[0] },\n
        lastFocusable() { return this.focusables().slice(-1)[0] },\n
        nextFocusable() { return this.focusables()[this.nextFocusableIndex()] || this.firstFocusable() },\n
        prevFocusable() { return this.focusables()[this.prevFocusableIndex()] || this.lastFocusable() },\n
        nextFocusableIndex() { return (this.focusables().indexOf(document.activeElement) + 1) % (this.focusables().length + 1) },\n
        prevFocusableIndex() { return Math.max(0, this.focusables().indexOf(document.activeElement)) -1 },\n
        close() {\n
            if (this.closeable) {\n
                this.show = false\n
            }\n
        }\n
    }"\n
    x-init="$watch('show', value => {\n
        if (value) {\n
            document.body.classList.add('overflow-y-hidden');\n
            \n
        } else {\n
            document.body.classList.remove('overflow-y-hidden');\n
        }\n
    })"\n
    x-on:open-modal.window="$event.detail == 'edit-tipe-pelabuhan-modal' ? show = true : null"\n
    x-on:close-modal.window="$event.detail == 'edit-tipe-pelabuhan-modal' ? show = false : null"\n
    x-on:close.stop="close()"\n
    x-on:keydown.escape.window="close()"\n
    x-on:keydown.tab.prevent="$event.shiftKey || nextFocusable().focus()"\n
    x-on:keydown.shift.tab.prevent="prevFocusable().focus()"\n
    x-show="show"\n
    class="fixed inset-0 overflow-y-auto px-4 py-6 sm:px-0 z-[10000]"\n
    style="display: none;"\n
>\n
    [39m[31m<div\n
        x-show="show"\n
        class="fixed inset-0 transform transition-all"\n
        x-on:click="close()"\n
        x-transition:enter="ease-out duration-300"\n
        x-transition:enter-start="opacity-0"\n
        x-transition:enter-end="opacity-100"\n
        x-transition:leave="ease-in duration-200"\n
        x-transition:leave-start="opacity-100"\n
        x-transition:leave-end="opacity-0"\n
    >[39m[31m\n
        [39m[31m<div class="absolute inset-0 bg-gray-500 opacity-75">[39m[31m</div>[39m[31m\n
    [39m[31m</div>[39m[31m\n
\n
    [39m[31m<div\n
        x-show="show"\n
        class="mb-6 bg-white rounded-lg overflow-hidden shadow-xl transform transition-all sm:w-full sm:max-w-md sm:mx-auto"\n
        x-transition:enter="ease-out duration-300"\n
        x-transition:enter-start="opacity-0 translate-y-4 sm:translate-y-0 sm:scale-95"\n
        x-transition:enter-end="opacity-100 translate-y-0 sm:scale-100"\n
        x-transition:leave="ease-in duration-200"\n
        x-transition:leave-start="opacity-100 translate-y-0 sm:scale-100"\n
        x-transition:leave-end="opacity-0 translate-y-4 sm:translate-y-0 sm:scale-95"\n
    >[39m[31m\n
        [39m[31m<div class="p-6">[39m[31m\n
            [39m[31m<div class="flex justify-between items-center mb-6">[39m[31m\n
                [39m[31m<h2 class="text-xl font-bold text-gray-900">[39m[31mEdit Tipe[39m[31m</h2>[39m[31m\n
                [39m[31m<button x-on:click="$dispatch('close-modal', 'edit-tipe-pelabuhan-modal')" class="text-gray-400 hover:text-gray-600">[39m[31m\n
                    [39m[31m<svg class="w-6 h-6" fill="none" stroke="currentColor" viewBox="0 0 24 24">[39m[31m\n
                        [39m[31m<path stroke-linecap="round" stroke-linejoin="round" stroke-width="2" d="M6 18L18 6M6 6l12 12"/>[39m[31m\n
                    [39m[31m</svg>[39m[31m\n
                [39m[31m</button>[39m[31m\n
            [39m[31m</div>[39m[31m\n
\n
            [39m[31m<form :action="editAction" method="POST">[39m[31m\n
                [39m[31m<input type="hidden" name="_token" value="5Tx5buXhHQ8zOFHNDqUhLRdCs0Z6SBTUFTilpV7t" autocomplete="off">[39m[31m                [39m[31m<input type="hidden" name="_method" value="PUT">[39m[31m\n
                [39m[31m<div class="space-y-4">[39m[31m\n
                    <!-- Nama Tipe -->\n
                    [39m[31m<div>[39m[31m\n
                        [39m[31m<label for="edit_nama" class="block text-sm font-medium text-gray-700 mb-1">[39m[31m\n
                            Nama Tipe [39m[31m<span class="text-red-500">[39m[31m*[39m[31m</span>[39m[31m\n
                        [39m[31m</label>[39m[31m\n
                        [39m[31m<input type="text"\n
                               name="nama"\n
                               id="edit_nama"\n
                               x-model="editData.nama"\n
                               required\n
                               maxlength="50"\n
                               class="w-full px-3 py-1.5 text-sm border border-gray-300 rounded-md focus:ring-2 focus:ring-blue-500">[39m[31m\n
                    [39m[31m</div>[39m[31m\n
\n
                    <!-- Keterangan -->\n
                    [39m[31m<div>[39m[31m\n
                        [39m[31m<label for="edit_keterangan" class="block text-sm font-medium text-gray-700 mb-1">[39m[31m\n
                            Keterangan\n
                        [39m[31m</label>[39m[31m\n
                        [39m[31m<textarea\n
                               name="keterangan"\n
                               id="edit_keterangan"\n
                               x-model="editData.keterangan"\n
                               rows="3"\n
                               maxlength="255"\n
                               class="w-full px-3 py-1.5 text-sm border border-gray-300 rounded-md focus:ring-2 focus:ring-blue-500">[39m[31m</textarea>[39m[31m\n
                    [39m[31m</div>[39m[31m\n
                [39m[31m</div>[39m[31m\n
\n
                <!-- Actions -->\n
                [39m[31m<div class="mt-6 flex justify-end gap-3">[39m[31m\n
                    [39m[31m<button type="button" x-on:click="$dispatch('close-modal', 'edit-tipe-pelabuhan-modal')" class="px-4 py-2 text-xs font-medium bg-gray-200 text-gray-700 rounded-md hover:bg-gray-300 transition-all">[39m[31m\n
                        Batal\n
                    [39m[31m</button>[39m[31m\n
                    [39m[31m<button type="submit" class="px-4 py-2 text-xs font-medium bg-blue-600 text-white rounded-md hover:bg-blue-700 transition-all">[39m[31m\n
                        Update\n
                    [39m[31m</button>[39m[31m\n
                [39m[31m</div>[39m[31m\n
            [39m[31m</form>[39m[31m\n
        [39m[31m</div>[39m[31m\n
    [39m[31m</div>[39m[31m\n
[39m[31m</div>[39m[31m\n
[39m[31m</div>[39m[31m\n
            [39m[31m</main>[39m[31m\n
        [39m[31m</div>[39m[31m\n
\n
        <!-- Loading Screen -->\n
        [39m[31m<div id="global-loader" \n
     class="fixed inset-0 z-[9999] flex flex-col items-center justify-center bg-white/80 backdrop-blur-md transition-opacity duration-500 opacity-0 pointer-events-none"\n
     style="display: none;">[39m[31m\n
    [39m[31m<div class="relative flex flex-col items-center">[39m[31m\n
        <!-- Pulse ring animation -->\n
        [39m[31m<div class="absolute inset-0 rounded-full bg-blue-500/20 animate-ping scale-150">[39m[31m</div>[39m[31m\n
        \n
        <!-- App Logo with Pulse -->\n
        [39m[31m<div class="relative animate-bounce-slow">[39m[31m\n
            [39m[31m<img src="https://silapor-upp-jampea.test/icon.png" alt="SAPOJAM Logo" class="h-24 w-24 object-contain drop-shadow-2xl">[39m[31m\n
        [39m[31m</div>[39m[31m\n
\n
        <!-- Dynamic Loading Text -->\n
        [39m[31m<div class="mt-8 text-center">[39m[31m\n
            [39m[31m<h3 class="text-xl font-bold text-gray-800 tracking-wide animate-pulse">[39m[31m\n
                SAPOJAM\n
            [39m[31m</h3>[39m[31m\n
            [39m[31m<p id="loader-message" class="mt-2 text-gray-500 font-medium italic transition-all duration-300 min-h-[1.5rem]">[39m[31m\n
                Menyiapkan data untuk Anda...\n
            [39m[31m</p>[39m[31m\n
        [39m[31m</div>[39m[31m\n
\n
        <!-- Modern Loading Bar -->\n
        [39m[31m<div class="mt-6 w-48 h-1.5 bg-gray-200 rounded-full overflow-hidden">[39m[31m\n
            [39m[31m<div class="h-full bg-gradient-to-r from-blue-500 to-indigo-600 animate-loading-bar origin-left">[39m[31m</div>[39m[31m\n
        [39m[31m</div>[39m[31m\n
    [39m[31m</div>[39m[31m\n
[39m[31m</div>[39m[31m\n
\n
[39m[31m<style>[39m[31m\n
    @keyframes bounce-slow {\n
        0%, 100% { transform: translateY(-5%); animation-timing-function: cubic-bezier(0.8, 0, 1, 1); }\n
        50% { transform: translateY(0); animation-timing-function: cubic-bezier(0, 0, 0.2, 1); }\n
    }\n
    .animate-bounce-slow {\n
        animation: bounce-slow 2s infinite;\n
    }\n
    @keyframes loading-bar {\n
        0% { transform: scaleX(0); }\n
        50% { transform: scaleX(0.7); }\n
        100% { transform: scaleX(1); }\n
    }\n
    .animate-loading-bar {\n
        animation: loading-bar 2s infinite ease-in-out;\n
    }\n
    #global-loader.show {\n
        opacity: 1;\n
        pointer-events: auto;\n
        display: flex !important;\n
    }\n
[39m[31m</style>[39m[31m\n
\n
[39m[31m<script>[39m[31m\n
    document.addEventListener('DOMContentLoaded', function() {\n
        const loader = document.getElementById('global-loader');\n
        const messageEl = document.getElementById('loader-message');\n
        \n
        const messages = [\n
            "Menghubungkan ke pelabuhan...",\n
            "Memvalidasi manifes kapal...",\n
            "Sinkronisasi data SAPOJAM...",\n
            "Menyiapkan laporan navigasi...",\n
            "Mengoptimalkan rute layar...",\n
            "Memuat informasi nakhoda...",\n
            "Pengecekan keamanan sistem...",\n
            "Hampir sampai di tujuan...",\n
            "Sesaat lagi..."\n
        ];\n
\n
        let messageInterval;\n
\n
        window.showLoader = function() {\n
            if (loader.classList.contains('show')) return;\n
            \n
            loader.classList.add('show');\n
            \n
            // Random initial message\n
            messageEl.innerText = messages[Math.floor(Math.random() * messages.length)];\n
            \n
            // Cycle messages\n
            messageInterval = setInterval(() => {\n
                messageEl.style.opacity = '0';\n
                setTimeout(() => {\n
                    messageEl.innerText = messages[Math.floor(Math.random() * messages.length)];\n
                    messageEl.style.opacity = '1';\n
                }, 300);\n
            }, 3000);\n
        };\n
\n
        window.hideLoader = function() {\n
            loader.classList.remove('show');\n
            clearInterval(messageInterval);\n
        };\n
\n
        // Page visibility / transition handling\n
        window.addEventListener('beforeunload', function() {\n
            showLoader();\n
        });\n
\n
        // Hide if page is loaded from cache (back button)\n
        window.addEventListener('pageshow', function(event) {\n
            if (event.persisted) {\n
                hideLoader();\n
            }\n
        });\n
\n
        // AJAX Interceptors (Axios)\n
        if (window.axios) {\n
            window.axios.interceptors.request.use(config => {\n
                // Don't show for background/silent requests if needed\n
                if (!config.silent) {\n
                    showLoader();\n
                }\n
                return config;\n
            }, error => {\n
                hideLoader();\n
                return Promise.reject(error);\n
            });\n
\n
            window.axios.interceptors.response.use(response => {\n
                hideLoader();\n
                return response;\n
            }, error => {\n
                hideLoader();\n
                return Promise.reject(error);\n
            });\n
        }\n
\n
        // Global AJAX Interceptors (jQuery)\n
        if (typeof jQuery !== 'undefined') {\n
            $(document).ajaxStart(function() { showLoader(); });\n
            $(document).ajaxStop(function() { hideLoader(); });\n
            $(document).ajaxError(function() { hideLoader(); });\n
        }\n
    });\n
[39m[31m</script>[39m[31m\n
\n
        <!-- Notification Handler -->\n
        \n
        [39m[31m<script>[39m[31m\n
            // Global Confirmation Handler\n
            window.confirmDelete = function(form, message = 'Yakin ingin menghapus data ini?') {\n
                Swal.fire({\n
                    title: 'Konfirmasi Hapus',\n
                    text: message,\n
                    icon: 'warning',\n
                    showCancelButton: true,\n
                    confirmButtonColor: '#d33',\n
                    cancelButtonColor: '#3085d6',\n
                    confirmButtonText: 'Ya, Hapus!',\n
                    cancelButtonText: 'Batal',\n
                    reverseButtons: true\n
                }).then((result) => {\n
                    if (result.isConfirmed) {\n
                        form.submit();\n
                    }\n
                });\n
            }\n
        [39m[31m</script>[39m[31m\n
\n
        <!-- Scripts Stack -->\n
        [39m[31m<script src="https://code.jquery.com/jquery-3.7.0.min.js">[39m[31m</script>[39m[31m\n
[39m[31m<script src="https://cdn.datatables.net/1.13.6/js/jquery.dataTables.min.js">[39m[31m</script>[39m[31m\n
[39m[31m<script src="https://cdn.datatables.net/responsive/2.5.0/js/dataTables.responsive.min.js">[39m[31m</script>[39m[31m\n
[39m[31m<script>[39m[31m\n
    let table;\n
    $(document).ready(function() {\n
        table = $('#tipe-pelabuhan-table').DataTable({\n
            processing: true,\n
            serverSide: true,\n
            searching: false,\n
            lengthChange: true,\n
            pageLength: 10,\n
            lengthMenu: [[10, 25, 50, 100], [10, 25, 50, 100]],\n
            ajax: {\n
                url: "https://silapor-upp-jampea.test/master/tipe-pelabuhan",\n
                data: function (d) {\n
                    d.search_custom = $('#search-input').val();\n
                }\n
            },\n
            dom: "<'flex flex-col'<'w-full overflow-visible't><'flex flex-col md:flex-row justify-between items-center p-4 gap-4'<'flex items-center gap-6'li>p>>",\n
            columns: [\n
                {data: 'DT_RowIndex', name: 'DT_RowIndex', orderable: false, searchable: false},\n
                {\n
                    data: 'nama',\n
                    name: 'nama',\n
                    render: function(data) {\n
                        return `[39m[31m<span class="px-3 py-1 text-sm font-semibold rounded-full bg-blue-100 text-blue-800">[39m[31m${data}[39m[31m</span>[39m[31m`;\n
                    }\n
                },\n
                {data: 'keterangan', name: 'keterangan'},\n
                {\n
                    data: 'pelabuhans_count',\n
                    name: 'pelabuhans_count',\n
                    render: function(data) {\n
                        return `[39m[31m<span class="px-2 py-1 bg-gray-100 rounded-full">[39m[31m${data} pelabuhan[39m[31m</span>[39m[31m`;\n
                    }\n
                },\n
                {data: 'action', name: 'action', orderable: false, searchable: false},\n
            ],\n
            language: {\n
                url: '//cdn.datatables.net/plug-ins/1.13.6/i18n/id.json'\n
            },\n
            responsive: true,\n
            autoWidth: false\n
        });\n
\n
        $('#filter-form').on('submit', function(e) {\n
            e.preventDefault();\n
            table.ajax.reload();\n
        });\n
\n
        $('#btn-cari').on('click', function() {\n
            table.ajax.reload();\n
        });\n
\n
        $('#btn-reset').on('click', function() {\n
            $('#filter-form')[0].reset();\n
            table.ajax.reload();\n
        });\n
\n
        $('#search-input').on('keydown', function(e) {\n
            if (e.key === 'Enter') {\n
                e.preventDefault();\n
                table.ajax.reload();\n
            }\n
        });\n
\n
        // Export edit function to window\n
        // Removed window.editTipePelabuhan as it is now event-based\n
    });\n
[39m[31m</script>[39m[31m\n
    [39m[31m</body>[39m[31m\n
[39m[31m</html>[39m[31m\n
[39m[39;1m

  To contain: [39;22m[32mSEARCHABLE-69bc6bfce0a66[39m

  at [32mtests\Feature\Master\TipePelabuhanControllerTest.php[39m:[32m93[39m
     89▕         $response = $this->actingAs($this->user)
     90▕             ->get(route('master.tipe-pelabuhan.index', ['search' => 'SEARCHABLE']));
     91▕ 
     92▕         $response->assertOk();
  ➜  93▕         $response->assertSee($uniqueName);
     94▕     }
     95▕ 
     96▕     /** @test */
     97▕     public function it_can_sort_tipe_pelabuhan_by_nama()

  [31m───────────────────[39m  
  [41;1m FAILED [49;22m [1mTests\Fe[22m…   
[39;1m  Tipe with 2 pelabuhans should appear before tipe with 5
Failed asserting that 5 is less than 4.[39;22m

  at [32mtests\Feature\Master\TipePelabuhanControllerTest.php[39m:[32m172[39m
    168▕         $pos2 = array_search($tipe2->id, $tipeIds);
    169▕         $pos1 = array_search($tipe1->id, $tipeIds);
    170▕         $pos3 = array_search($tipe3->id, $tipeIds);
    171▕ 
  ➜ 172▕         $this->assertLessThan($pos1, $pos2, 'Tipe with 2 pelabuhans should appear before tipe with 5');
    173▕         $this->assertLessThan($pos3, $pos1, 'Tipe with 5 pelabuhans should appear before tipe with 10');
    174▕ 
    175▕         // Sort by count descending - should show tipe3 (10) first
    176▕         $response = $this->actingAs($this->user)

  [33m1   [39m[39;1mtests\Feature\Master\TipePelabuhanControllerTest.php[39;22m:[39;1m172[39;22m


  [90mTests:[39m    [31;1m3 failed[39;22m[90m,[39m[39m [39m[32;1m32 passed[39;22m[90m (143 assertions)[39m
  [90mDuration:[39m [39m1.46s[39m

